<?xml version="1.0" encoding="ISO-8859-1" ?>
<link_info>
   <banner>TI ARM Clang Linker PC v3.2.2.LTS</banner>
   <copyright>Copyright (c) 1996-2018 Texas Instruments Incorporated</copyright>
   <link_time>0x66a4edff</link_time>
   <link_errors>0x0</link_errors>
   <output_file>D:\CCS\workspace_v12\A_Project_LCR\Debug\A_Project_LCR.out</output_file>
   <entry_point>
      <name>_c_int00_noargs</name>
      <address>0xb539</address>
   </entry_point>
   <input_file_list>
      <input_file id="fl-1">
         <path>D:\CCS\workspace_v12\A_Project_LCR\Debug\.\</path>
         <kind>object</kind>
         <file>delay.o</file>
         <name>delay.o</name>
      </input_file>
      <input_file id="fl-2">
         <path>D:\CCS\workspace_v12\A_Project_LCR\Debug\.\</path>
         <kind>object</kind>
         <file>fir.o</file>
         <name>fir.o</name>
      </input_file>
      <input_file id="fl-3">
         <path>D:\CCS\workspace_v12\A_Project_LCR\Debug\.\</path>
         <kind>object</kind>
         <file>iic.o</file>
         <name>iic.o</name>
      </input_file>
      <input_file id="fl-4">
         <path>D:\CCS\workspace_v12\A_Project_LCR\Debug\.\</path>
         <kind>object</kind>
         <file>key.o</file>
         <name>key.o</name>
      </input_file>
      <input_file id="fl-5">
         <path>D:\CCS\workspace_v12\A_Project_LCR\Debug\.\</path>
         <kind>object</kind>
         <file>main.o</file>
         <name>main.o</name>
      </input_file>
      <input_file id="fl-6">
         <path>D:\CCS\workspace_v12\A_Project_LCR\Debug\.\</path>
         <kind>object</kind>
         <file>measure.o</file>
         <name>measure.o</name>
      </input_file>
      <input_file id="fl-7">
         <path>D:\CCS\workspace_v12\A_Project_LCR\Debug\.\</path>
         <kind>object</kind>
         <file>my_filter.o</file>
         <name>my_filter.o</name>
      </input_file>
      <input_file id="fl-8">
         <path>D:\CCS\workspace_v12\A_Project_LCR\Debug\.\</path>
         <kind>object</kind>
         <file>oled.o</file>
         <name>oled.o</name>
      </input_file>
      <input_file id="fl-9">
         <path>D:\CCS\workspace_v12\A_Project_LCR\Debug\.\</path>
         <kind>object</kind>
         <file>ti_msp_dl_config.o</file>
         <name>ti_msp_dl_config.o</name>
      </input_file>
      <input_file id="fl-a">
         <path>D:\CCS\workspace_v12\A_Project_LCR\Debug\.\</path>
         <kind>object</kind>
         <file>tjc_usart_hmi.o</file>
         <name>tjc_usart_hmi.o</name>
      </input_file>
      <input_file id="fl-b">
         <path>D:\CCS\workspace_v12\A_Project_LCR\Debug\.\</path>
         <kind>object</kind>
         <file>startup_mspm0g350x_ticlang.o</file>
         <name>startup_mspm0g350x_ticlang.o</name>
      </input_file>
      <input_file id="fl-1a">
         <path>D:\CCS\workspace_v12\A_Project_LCR\Debug\</path>
         <kind>object</kind>
         <file>&lt;internal&gt;</file>
         <name>&lt;internal&gt;</name>
      </input_file>
      <input_file id="fl-1b">
         <path>C:\ti\mspm0_sdk_1_30_00_03\source\third_party\CMSIS\DSP\lib\ticlang\m0p\</path>
         <kind>archive</kind>
         <file>arm_cortexM0l_math.a</file>
         <name>arm_const_structs.o</name>
      </input_file>
      <input_file id="fl-1c">
         <path>C:\ti\mspm0_sdk_1_30_00_03\source\third_party\CMSIS\DSP\lib\ticlang\m0p\</path>
         <kind>archive</kind>
         <file>arm_cortexM0l_math.a</file>
         <name>arm_cmplx_mag_f32.o</name>
      </input_file>
      <input_file id="fl-1d">
         <path>C:\ti\mspm0_sdk_1_30_00_03\source\third_party\CMSIS\DSP\lib\ticlang\m0p\</path>
         <kind>archive</kind>
         <file>arm_cortexM0l_math.a</file>
         <name>arm_max_f32.o</name>
      </input_file>
      <input_file id="fl-1e">
         <path>C:\ti\mspm0_sdk_1_30_00_03\source\third_party\CMSIS\DSP\lib\ticlang\m0p\</path>
         <kind>archive</kind>
         <file>arm_cortexM0l_math.a</file>
         <name>arm_cfft_f32.o</name>
      </input_file>
      <input_file id="fl-1f">
         <path>C:\ti\mspm0_sdk_1_30_00_03\source\third_party\CMSIS\DSP\lib\ticlang\m0p\</path>
         <kind>archive</kind>
         <file>arm_cortexM0l_math.a</file>
         <name>arm_cfft_radix8_f32.o</name>
      </input_file>
      <input_file id="fl-20">
         <path>C:\ti\mspm0_sdk_1_30_00_03\source\third_party\CMSIS\DSP\lib\ticlang\m0p\</path>
         <kind>archive</kind>
         <file>arm_cortexM0l_math.a</file>
         <name>arm_common_tables.o</name>
      </input_file>
      <input_file id="fl-21">
         <path>C:\ti\mspm0_sdk_1_30_00_03\source\third_party\CMSIS\DSP\lib\ticlang\m0p\</path>
         <kind>archive</kind>
         <file>arm_cortexM0l_math.a</file>
         <name>arm_bitreversal2.o</name>
      </input_file>
      <input_file id="fl-22">
         <path>C:\ti\mspm0_sdk_1_30_00_03\source\ti\driverlib\lib\ticlang\m0p\mspm0g1x0x_g3x0x\</path>
         <kind>archive</kind>
         <file>driverlib.a</file>
         <name>dl_adc12.o</name>
      </input_file>
      <input_file id="fl-23">
         <path>C:\ti\mspm0_sdk_1_30_00_03\source\ti\driverlib\lib\ticlang\m0p\mspm0g1x0x_g3x0x\</path>
         <kind>archive</kind>
         <file>driverlib.a</file>
         <name>dl_common.o</name>
      </input_file>
      <input_file id="fl-24">
         <path>C:\ti\mspm0_sdk_1_30_00_03\source\ti\driverlib\lib\ticlang\m0p\mspm0g1x0x_g3x0x\</path>
         <kind>archive</kind>
         <file>driverlib.a</file>
         <name>dl_dac12.o</name>
      </input_file>
      <input_file id="fl-25">
         <path>C:\ti\mspm0_sdk_1_30_00_03\source\ti\driverlib\lib\ticlang\m0p\mspm0g1x0x_g3x0x\</path>
         <kind>archive</kind>
         <file>driverlib.a</file>
         <name>dl_dma.o</name>
      </input_file>
      <input_file id="fl-26">
         <path>C:\ti\mspm0_sdk_1_30_00_03\source\ti\driverlib\lib\ticlang\m0p\mspm0g1x0x_g3x0x\</path>
         <kind>archive</kind>
         <file>driverlib.a</file>
         <name>dl_timer.o</name>
      </input_file>
      <input_file id="fl-27">
         <path>C:\ti\mspm0_sdk_1_30_00_03\source\ti\driverlib\lib\ticlang\m0p\mspm0g1x0x_g3x0x\</path>
         <kind>archive</kind>
         <file>driverlib.a</file>
         <name>dl_uart.o</name>
      </input_file>
      <input_file id="fl-28">
         <path>C:\ti\mspm0_sdk_1_30_00_03\source\ti\driverlib\lib\ticlang\m0p\mspm0g1x0x_g3x0x\</path>
         <kind>archive</kind>
         <file>driverlib.a</file>
         <name>dl_vref.o</name>
      </input_file>
      <input_file id="fl-37">
         <path>D:\ti\ccstheia140\ccs\tools\compiler\ti-cgt-armllvm_3.2.2.LTS\lib\armv6m-ti-none-eabi\c\</path>
         <kind>archive</kind>
         <file>libc.a</file>
         <name>sprintf.c.obj</name>
      </input_file>
      <input_file id="fl-38">
         <path>D:\ti\ccstheia140\ccs\tools\compiler\ti-cgt-armllvm_3.2.2.LTS\lib\armv6m-ti-none-eabi\c\</path>
         <kind>archive</kind>
         <file>libc.a</file>
         <name>vsnprintf.c.obj</name>
      </input_file>
      <input_file id="fl-39">
         <path>D:\ti\ccstheia140\ccs\tools\compiler\ti-cgt-armllvm_3.2.2.LTS\lib\armv6m-ti-none-eabi\c\</path>
         <kind>archive</kind>
         <file>libc.a</file>
         <name>e_sqrtf.c.obj</name>
      </input_file>
      <input_file id="fl-3a">
         <path>D:\ti\ccstheia140\ccs\tools\compiler\ti-cgt-armllvm_3.2.2.LTS\lib\armv6m-ti-none-eabi\c\</path>
         <kind>archive</kind>
         <file>libc.a</file>
         <name>e_acos.c.obj</name>
      </input_file>
      <input_file id="fl-3b">
         <path>D:\ti\ccstheia140\ccs\tools\compiler\ti-cgt-armllvm_3.2.2.LTS\lib\armv6m-ti-none-eabi\c\</path>
         <kind>archive</kind>
         <file>libc.a</file>
         <name>e_asin.c.obj</name>
      </input_file>
      <input_file id="fl-3c">
         <path>D:\ti\ccstheia140\ccs\tools\compiler\ti-cgt-armllvm_3.2.2.LTS\lib\armv6m-ti-none-eabi\c\</path>
         <kind>archive</kind>
         <file>libc.a</file>
         <name>e_atan2.c.obj</name>
      </input_file>
      <input_file id="fl-3d">
         <path>D:\ti\ccstheia140\ccs\tools\compiler\ti-cgt-armllvm_3.2.2.LTS\lib\armv6m-ti-none-eabi\c\</path>
         <kind>archive</kind>
         <file>libc.a</file>
         <name>e_pow.c.obj</name>
      </input_file>
      <input_file id="fl-3e">
         <path>D:\ti\ccstheia140\ccs\tools\compiler\ti-cgt-armllvm_3.2.2.LTS\lib\armv6m-ti-none-eabi\c\</path>
         <kind>archive</kind>
         <file>libc.a</file>
         <name>e_sqrt.c.obj</name>
      </input_file>
      <input_file id="fl-3f">
         <path>D:\ti\ccstheia140\ccs\tools\compiler\ti-cgt-armllvm_3.2.2.LTS\lib\armv6m-ti-none-eabi\c\</path>
         <kind>archive</kind>
         <file>libc.a</file>
         <name>s_atan.c.obj</name>
      </input_file>
      <input_file id="fl-40">
         <path>D:\ti\ccstheia140\ccs\tools\compiler\ti-cgt-armllvm_3.2.2.LTS\lib\armv6m-ti-none-eabi\c\</path>
         <kind>archive</kind>
         <file>libc.a</file>
         <name>s_cos.c.obj</name>
      </input_file>
      <input_file id="fl-41">
         <path>D:\ti\ccstheia140\ccs\tools\compiler\ti-cgt-armllvm_3.2.2.LTS\lib\armv6m-ti-none-eabi\c\</path>
         <kind>archive</kind>
         <file>libc.a</file>
         <name>s_scalbn.c.obj</name>
      </input_file>
      <input_file id="fl-42">
         <path>D:\ti\ccstheia140\ccs\tools\compiler\ti-cgt-armllvm_3.2.2.LTS\lib\armv6m-ti-none-eabi\c\</path>
         <kind>archive</kind>
         <file>libc.a</file>
         <name>s_sin.c.obj</name>
      </input_file>
      <input_file id="fl-43">
         <path>D:\ti\ccstheia140\ccs\tools\compiler\ti-cgt-armllvm_3.2.2.LTS\lib\armv6m-ti-none-eabi\c\</path>
         <kind>archive</kind>
         <file>libc.a</file>
         <name>aeabi_portable.c.obj</name>
      </input_file>
      <input_file id="fl-44">
         <path>D:\ti\ccstheia140\ccs\tools\compiler\ti-cgt-armllvm_3.2.2.LTS\lib\armv6m-ti-none-eabi\c\</path>
         <kind>archive</kind>
         <file>libc.a</file>
         <name>k_rem_pio2.c.obj</name>
      </input_file>
      <input_file id="fl-45">
         <path>D:\ti\ccstheia140\ccs\tools\compiler\ti-cgt-armllvm_3.2.2.LTS\lib\armv6m-ti-none-eabi\c\</path>
         <kind>archive</kind>
         <file>libc.a</file>
         <name>assert.c.obj</name>
      </input_file>
      <input_file id="fl-46">
         <path>D:\ti\ccstheia140\ccs\tools\compiler\ti-cgt-armllvm_3.2.2.LTS\lib\armv6m-ti-none-eabi\c\</path>
         <kind>archive</kind>
         <file>libc.a</file>
         <name>defs.c.obj</name>
      </input_file>
      <input_file id="fl-47">
         <path>D:\ti\ccstheia140\ccs\tools\compiler\ti-cgt-armllvm_3.2.2.LTS\lib\armv6m-ti-none-eabi\c\</path>
         <kind>archive</kind>
         <file>libc.a</file>
         <name>memory.c.obj</name>
      </input_file>
      <input_file id="fl-48">
         <path>D:\ti\ccstheia140\ccs\tools\compiler\ti-cgt-armllvm_3.2.2.LTS\lib\armv6m-ti-none-eabi\c\</path>
         <kind>archive</kind>
         <file>libc.a</file>
         <name>boot_cortex_m.c.obj</name>
      </input_file>
      <input_file id="fl-49">
         <path>D:\ti\ccstheia140\ccs\tools\compiler\ti-cgt-armllvm_3.2.2.LTS\lib\armv6m-ti-none-eabi\c\</path>
         <kind>archive</kind>
         <file>libc.a</file>
         <name>mathacl_init.c.obj</name>
      </input_file>
      <input_file id="fl-4a">
         <path>D:\ti\ccstheia140\ccs\tools\compiler\ti-cgt-armllvm_3.2.2.LTS\lib\armv6m-ti-none-eabi\c\</path>
         <kind>archive</kind>
         <file>libc.a</file>
         <name>autoinit.c.obj</name>
      </input_file>
      <input_file id="fl-4b">
         <path>D:\ti\ccstheia140\ccs\tools\compiler\ti-cgt-armllvm_3.2.2.LTS\lib\armv6m-ti-none-eabi\c\</path>
         <kind>archive</kind>
         <file>libc.a</file>
         <name>pre_init.c.obj</name>
      </input_file>
      <input_file id="fl-4c">
         <path>D:\ti\ccstheia140\ccs\tools\compiler\ti-cgt-armllvm_3.2.2.LTS\lib\armv6m-ti-none-eabi\c\</path>
         <kind>archive</kind>
         <file>libc.a</file>
         <name>cpy_tbl.c.obj</name>
      </input_file>
      <input_file id="fl-4d">
         <path>D:\ti\ccstheia140\ccs\tools\compiler\ti-cgt-armllvm_3.2.2.LTS\lib\armv6m-ti-none-eabi\c\</path>
         <kind>archive</kind>
         <file>libc.a</file>
         <name>copy_zero_init.c.obj</name>
      </input_file>
      <input_file id="fl-4e">
         <path>D:\ti\ccstheia140\ccs\tools\compiler\ti-cgt-armllvm_3.2.2.LTS\lib\armv6m-ti-none-eabi\c\</path>
         <kind>archive</kind>
         <file>libc.a</file>
         <name>copy_decompress_none.c.obj</name>
      </input_file>
      <input_file id="fl-4f">
         <path>D:\ti\ccstheia140\ccs\tools\compiler\ti-cgt-armllvm_3.2.2.LTS\lib\armv6m-ti-none-eabi\c\</path>
         <kind>archive</kind>
         <file>libc.a</file>
         <name>copy_decompress_lzss.c.obj</name>
      </input_file>
      <input_file id="fl-50">
         <path>D:\ti\ccstheia140\ccs\tools\compiler\ti-cgt-armllvm_3.2.2.LTS\lib\armv6m-ti-none-eabi\c\</path>
         <kind>archive</kind>
         <file>libc.a</file>
         <name>_printfi.c.obj</name>
      </input_file>
      <input_file id="fl-51">
         <path>D:\ti\ccstheia140\ccs\tools\compiler\ti-cgt-armllvm_3.2.2.LTS\lib\armv6m-ti-none-eabi\c\</path>
         <kind>archive</kind>
         <file>libc.a</file>
         <name>fflush.c.obj</name>
      </input_file>
      <input_file id="fl-52">
         <path>D:\ti\ccstheia140\ccs\tools\compiler\ti-cgt-armllvm_3.2.2.LTS\lib\armv6m-ti-none-eabi\c\</path>
         <kind>archive</kind>
         <file>libc.a</file>
         <name>fputs.c.obj</name>
      </input_file>
      <input_file id="fl-53">
         <path>D:\ti\ccstheia140\ccs\tools\compiler\ti-cgt-armllvm_3.2.2.LTS\lib\armv6m-ti-none-eabi\c\</path>
         <kind>archive</kind>
         <file>libc.a</file>
         <name>_io_perm.c.obj</name>
      </input_file>
      <input_file id="fl-54">
         <path>D:\ti\ccstheia140\ccs\tools\compiler\ti-cgt-armllvm_3.2.2.LTS\lib\armv6m-ti-none-eabi\c\</path>
         <kind>archive</kind>
         <file>libc.a</file>
         <name>setvbuf.c.obj</name>
      </input_file>
      <input_file id="fl-55">
         <path>D:\ti\ccstheia140\ccs\tools\compiler\ti-cgt-armllvm_3.2.2.LTS\lib\armv6m-ti-none-eabi\c\</path>
         <kind>archive</kind>
         <file>libc.a</file>
         <name>k_cos.c.obj</name>
      </input_file>
      <input_file id="fl-56">
         <path>D:\ti\ccstheia140\ccs\tools\compiler\ti-cgt-armllvm_3.2.2.LTS\lib\armv6m-ti-none-eabi\c\</path>
         <kind>archive</kind>
         <file>libc.a</file>
         <name>k_sin.c.obj</name>
      </input_file>
      <input_file id="fl-57">
         <path>D:\ti\ccstheia140\ccs\tools\compiler\ti-cgt-armllvm_3.2.2.LTS\lib\armv6m-ti-none-eabi\c\</path>
         <kind>archive</kind>
         <file>libc.a</file>
         <name>s_floor.c.obj</name>
      </input_file>
      <input_file id="fl-58">
         <path>D:\ti\ccstheia140\ccs\tools\compiler\ti-cgt-armllvm_3.2.2.LTS\lib\armv6m-ti-none-eabi\c\</path>
         <kind>archive</kind>
         <file>libc.a</file>
         <name>s_frexp.c.obj</name>
      </input_file>
      <input_file id="fl-59">
         <path>D:\ti\ccstheia140\ccs\tools\compiler\ti-cgt-armllvm_3.2.2.LTS\lib\armv6m-ti-none-eabi\c\</path>
         <kind>archive</kind>
         <file>libc.a</file>
         <name>exit.c.obj</name>
      </input_file>
      <input_file id="fl-5a">
         <path>D:\ti\ccstheia140\ccs\tools\compiler\ti-cgt-armllvm_3.2.2.LTS\lib\armv6m-ti-none-eabi\c\</path>
         <kind>archive</kind>
         <file>libc.a</file>
         <name>_lock.c.obj</name>
      </input_file>
      <input_file id="fl-5b">
         <path>D:\ti\ccstheia140\ccs\tools\compiler\ti-cgt-armllvm_3.2.2.LTS\lib\armv6m-ti-none-eabi\c\</path>
         <kind>archive</kind>
         <file>libc.a</file>
         <name>_ltoa.c.obj</name>
      </input_file>
      <input_file id="fl-5c">
         <path>D:\ti\ccstheia140\ccs\tools\compiler\ti-cgt-armllvm_3.2.2.LTS\lib\armv6m-ti-none-eabi\c\</path>
         <kind>archive</kind>
         <file>libc.a</file>
         <name>args_main.c.obj</name>
      </input_file>
      <input_file id="fl-5d">
         <path>D:\ti\ccstheia140\ccs\tools\compiler\ti-cgt-armllvm_3.2.2.LTS\lib\armv6m-ti-none-eabi\c\</path>
         <kind>archive</kind>
         <file>libc.a</file>
         <name>atoi.c.obj</name>
      </input_file>
      <input_file id="fl-5e">
         <path>D:\ti\ccstheia140\ccs\tools\compiler\ti-cgt-armllvm_3.2.2.LTS\lib\armv6m-ti-none-eabi\c\</path>
         <kind>archive</kind>
         <file>libc.a</file>
         <name>memccpy.c.obj</name>
      </input_file>
      <input_file id="fl-5f">
         <path>D:\ti\ccstheia140\ccs\tools\compiler\ti-cgt-armllvm_3.2.2.LTS\lib\armv6m-ti-none-eabi\c\</path>
         <kind>archive</kind>
         <file>libc.a</file>
         <name>wcslen.c.obj</name>
      </input_file>
      <input_file id="fl-60">
         <path>D:\ti\ccstheia140\ccs\tools\compiler\ti-cgt-armllvm_3.2.2.LTS\lib\armv6m-ti-none-eabi\c\</path>
         <kind>archive</kind>
         <file>libc.a</file>
         <name>fopen.c.obj</name>
      </input_file>
      <input_file id="fl-61">
         <path>D:\ti\ccstheia140\ccs\tools\compiler\ti-cgt-armllvm_3.2.2.LTS\lib\armv6m-ti-none-eabi\c\</path>
         <kind>archive</kind>
         <file>libc.a</file>
         <name>fseek.c.obj</name>
      </input_file>
      <input_file id="fl-62">
         <path>D:\ti\ccstheia140\ccs\tools\compiler\ti-cgt-armllvm_3.2.2.LTS\lib\armv6m-ti-none-eabi\c\</path>
         <kind>archive</kind>
         <file>libc.a</file>
         <name>aeabi_ctype.S.obj</name>
      </input_file>
      <input_file id="fl-63">
         <path>D:\ti\ccstheia140\ccs\tools\compiler\ti-cgt-armllvm_3.2.2.LTS\lib\armv6m-ti-none-eabi\c\</path>
         <kind>archive</kind>
         <file>libc.a</file>
         <name>fclose.c.obj</name>
      </input_file>
      <input_file id="fl-c9">
         <path>D:\ti\ccstheia140\ccs\tools\compiler\ti-cgt-armllvm_3.2.2.LTS\lib\armv6m-ti-none-eabi\c\</path>
         <kind>archive</kind>
         <file>libsysbm.a</file>
         <name>write.c.obj</name>
      </input_file>
      <input_file id="fl-ca">
         <path>D:\ti\ccstheia140\ccs\tools\compiler\ti-cgt-armllvm_3.2.2.LTS\lib\armv6m-ti-none-eabi\c\</path>
         <kind>archive</kind>
         <file>libsysbm.a</file>
         <name>host_device.c.obj</name>
      </input_file>
      <input_file id="fl-cb">
         <path>D:\ti\ccstheia140\ccs\tools\compiler\ti-cgt-armllvm_3.2.2.LTS\lib\armv6m-ti-none-eabi\c\</path>
         <kind>archive</kind>
         <file>libsysbm.a</file>
         <name>remove.c.obj</name>
      </input_file>
      <input_file id="fl-cc">
         <path>D:\ti\ccstheia140\ccs\tools\compiler\ti-cgt-armllvm_3.2.2.LTS\lib\armv6m-ti-none-eabi\c\</path>
         <kind>archive</kind>
         <file>libsysbm.a</file>
         <name>open.c.obj</name>
      </input_file>
      <input_file id="fl-cd">
         <path>D:\ti\ccstheia140\ccs\tools\compiler\ti-cgt-armllvm_3.2.2.LTS\lib\armv6m-ti-none-eabi\c\</path>
         <kind>archive</kind>
         <file>libsysbm.a</file>
         <name>lseek.c.obj</name>
      </input_file>
      <input_file id="fl-ce">
         <path>D:\ti\ccstheia140\ccs\tools\compiler\ti-cgt-armllvm_3.2.2.LTS\lib\armv6m-ti-none-eabi\c\</path>
         <kind>archive</kind>
         <file>libsysbm.a</file>
         <name>close.c.obj</name>
      </input_file>
      <input_file id="fl-cf">
         <path>D:\ti\ccstheia140\ccs\tools\compiler\ti-cgt-armllvm_3.2.2.LTS\lib\armv6m-ti-none-eabi\c\</path>
         <kind>archive</kind>
         <file>libsysbm.a</file>
         <name>unlink.c.obj</name>
      </input_file>
      <input_file id="fl-d0">
         <path>D:\ti\ccstheia140\ccs\tools\compiler\ti-cgt-armllvm_3.2.2.LTS\lib\armv6m-ti-none-eabi\c\</path>
         <kind>archive</kind>
         <file>libsysbm.a</file>
         <name>hostclose.c.obj</name>
      </input_file>
      <input_file id="fl-d1">
         <path>D:\ti\ccstheia140\ccs\tools\compiler\ti-cgt-armllvm_3.2.2.LTS\lib\armv6m-ti-none-eabi\c\</path>
         <kind>archive</kind>
         <file>libsysbm.a</file>
         <name>hostlseek.c.obj</name>
      </input_file>
      <input_file id="fl-d2">
         <path>D:\ti\ccstheia140\ccs\tools\compiler\ti-cgt-armllvm_3.2.2.LTS\lib\armv6m-ti-none-eabi\c\</path>
         <kind>archive</kind>
         <file>libsysbm.a</file>
         <name>hostopen.c.obj</name>
      </input_file>
      <input_file id="fl-d3">
         <path>D:\ti\ccstheia140\ccs\tools\compiler\ti-cgt-armllvm_3.2.2.LTS\lib\armv6m-ti-none-eabi\c\</path>
         <kind>archive</kind>
         <file>libsysbm.a</file>
         <name>hostread.c.obj</name>
      </input_file>
      <input_file id="fl-d4">
         <path>D:\ti\ccstheia140\ccs\tools\compiler\ti-cgt-armllvm_3.2.2.LTS\lib\armv6m-ti-none-eabi\c\</path>
         <kind>archive</kind>
         <file>libsysbm.a</file>
         <name>hostrename.c.obj</name>
      </input_file>
      <input_file id="fl-d5">
         <path>D:\ti\ccstheia140\ccs\tools\compiler\ti-cgt-armllvm_3.2.2.LTS\lib\armv6m-ti-none-eabi\c\</path>
         <kind>archive</kind>
         <file>libsysbm.a</file>
         <name>hostunlink.c.obj</name>
      </input_file>
      <input_file id="fl-d6">
         <path>D:\ti\ccstheia140\ccs\tools\compiler\ti-cgt-armllvm_3.2.2.LTS\lib\armv6m-ti-none-eabi\c\</path>
         <kind>archive</kind>
         <file>libsysbm.a</file>
         <name>hostwrite.c.obj</name>
      </input_file>
      <input_file id="fl-d7">
         <path>D:\ti\ccstheia140\ccs\tools\compiler\ti-cgt-armllvm_3.2.2.LTS\lib\armv6m-ti-none-eabi\c\</path>
         <kind>archive</kind>
         <file>libsysbm.a</file>
         <name>trgmsg.c.obj</name>
      </input_file>
      <input_file id="fl-d8">
         <path>D:\ti\ccstheia140\ccs\tools\compiler\ti-cgt-armllvm_3.2.2.LTS\lib\clang\15.0.7\lib\armv6m-ti-none-eabi\</path>
         <kind>archive</kind>
         <file>libclang_rt.builtins.a</file>
         <name>addsf3.S.obj</name>
      </input_file>
      <input_file id="fl-d9">
         <path>D:\ti\ccstheia140\ccs\tools\compiler\ti-cgt-armllvm_3.2.2.LTS\lib\clang\15.0.7\lib\armv6m-ti-none-eabi\</path>
         <kind>archive</kind>
         <file>libclang_rt.builtins.a</file>
         <name>adddf3.S.obj</name>
      </input_file>
      <input_file id="fl-da">
         <path>D:\ti\ccstheia140\ccs\tools\compiler\ti-cgt-armllvm_3.2.2.LTS\lib\clang\15.0.7\lib\armv6m-ti-none-eabi\</path>
         <kind>archive</kind>
         <file>libclang_rt.builtins.a</file>
         <name>muldf3.S.obj</name>
      </input_file>
      <input_file id="fl-db">
         <path>D:\ti\ccstheia140\ccs\tools\compiler\ti-cgt-armllvm_3.2.2.LTS\lib\clang\15.0.7\lib\armv6m-ti-none-eabi\</path>
         <kind>archive</kind>
         <file>libclang_rt.builtins.a</file>
         <name>muldsi3.S.obj</name>
      </input_file>
      <input_file id="fl-dc">
         <path>D:\ti\ccstheia140\ccs\tools\compiler\ti-cgt-armllvm_3.2.2.LTS\lib\clang\15.0.7\lib\armv6m-ti-none-eabi\</path>
         <kind>archive</kind>
         <file>libclang_rt.builtins.a</file>
         <name>mulsf3.S.obj</name>
      </input_file>
      <input_file id="fl-dd">
         <path>D:\ti\ccstheia140\ccs\tools\compiler\ti-cgt-armllvm_3.2.2.LTS\lib\clang\15.0.7\lib\armv6m-ti-none-eabi\</path>
         <kind>archive</kind>
         <file>libclang_rt.builtins.a</file>
         <name>divsf3.S.obj</name>
      </input_file>
      <input_file id="fl-de">
         <path>D:\ti\ccstheia140\ccs\tools\compiler\ti-cgt-armllvm_3.2.2.LTS\lib\clang\15.0.7\lib\armv6m-ti-none-eabi\</path>
         <kind>archive</kind>
         <file>libclang_rt.builtins.a</file>
         <name>divdf3.S.obj</name>
      </input_file>
      <input_file id="fl-df">
         <path>D:\ti\ccstheia140\ccs\tools\compiler\ti-cgt-armllvm_3.2.2.LTS\lib\clang\15.0.7\lib\armv6m-ti-none-eabi\</path>
         <kind>archive</kind>
         <file>libclang_rt.builtins.a</file>
         <name>extendsfdf2.S.obj</name>
      </input_file>
      <input_file id="fl-e0">
         <path>D:\ti\ccstheia140\ccs\tools\compiler\ti-cgt-armllvm_3.2.2.LTS\lib\clang\15.0.7\lib\armv6m-ti-none-eabi\</path>
         <kind>archive</kind>
         <file>libclang_rt.builtins.a</file>
         <name>fixdfsi.S.obj</name>
      </input_file>
      <input_file id="fl-e1">
         <path>D:\ti\ccstheia140\ccs\tools\compiler\ti-cgt-armllvm_3.2.2.LTS\lib\clang\15.0.7\lib\armv6m-ti-none-eabi\</path>
         <kind>archive</kind>
         <file>libclang_rt.builtins.a</file>
         <name>floatsidf.S.obj</name>
      </input_file>
      <input_file id="fl-e2">
         <path>D:\ti\ccstheia140\ccs\tools\compiler\ti-cgt-armllvm_3.2.2.LTS\lib\clang\15.0.7\lib\armv6m-ti-none-eabi\</path>
         <kind>archive</kind>
         <file>libclang_rt.builtins.a</file>
         <name>floatunsidf.S.obj</name>
      </input_file>
      <input_file id="fl-e3">
         <path>D:\ti\ccstheia140\ccs\tools\compiler\ti-cgt-armllvm_3.2.2.LTS\lib\clang\15.0.7\lib\armv6m-ti-none-eabi\</path>
         <kind>archive</kind>
         <file>libclang_rt.builtins.a</file>
         <name>floatunsisf.S.obj</name>
      </input_file>
      <input_file id="fl-e4">
         <path>D:\ti\ccstheia140\ccs\tools\compiler\ti-cgt-armllvm_3.2.2.LTS\lib\clang\15.0.7\lib\armv6m-ti-none-eabi\</path>
         <kind>archive</kind>
         <file>libclang_rt.builtins.a</file>
         <name>muldi3.S.obj</name>
      </input_file>
      <input_file id="fl-e5">
         <path>D:\ti\ccstheia140\ccs\tools\compiler\ti-cgt-armllvm_3.2.2.LTS\lib\clang\15.0.7\lib\armv6m-ti-none-eabi\</path>
         <kind>archive</kind>
         <file>libclang_rt.builtins.a</file>
         <name>aeabi_dcmp.S.obj</name>
      </input_file>
      <input_file id="fl-e6">
         <path>D:\ti\ccstheia140\ccs\tools\compiler\ti-cgt-armllvm_3.2.2.LTS\lib\clang\15.0.7\lib\armv6m-ti-none-eabi\</path>
         <kind>archive</kind>
         <file>libclang_rt.builtins.a</file>
         <name>aeabi_fcmp.S.obj</name>
      </input_file>
      <input_file id="fl-e7">
         <path>D:\ti\ccstheia140\ccs\tools\compiler\ti-cgt-armllvm_3.2.2.LTS\lib\clang\15.0.7\lib\armv6m-ti-none-eabi\</path>
         <kind>archive</kind>
         <file>libclang_rt.builtins.a</file>
         <name>aeabi_idivmod.S.obj</name>
      </input_file>
      <input_file id="fl-e8">
         <path>D:\ti\ccstheia140\ccs\tools\compiler\ti-cgt-armllvm_3.2.2.LTS\lib\clang\15.0.7\lib\armv6m-ti-none-eabi\</path>
         <kind>archive</kind>
         <file>libclang_rt.builtins.a</file>
         <name>aeabi_memcpy.S.obj</name>
      </input_file>
      <input_file id="fl-e9">
         <path>D:\ti\ccstheia140\ccs\tools\compiler\ti-cgt-armllvm_3.2.2.LTS\lib\clang\15.0.7\lib\armv6m-ti-none-eabi\</path>
         <kind>archive</kind>
         <file>libclang_rt.builtins.a</file>
         <name>aeabi_memmove.S.obj</name>
      </input_file>
      <input_file id="fl-ea">
         <path>D:\ti\ccstheia140\ccs\tools\compiler\ti-cgt-armllvm_3.2.2.LTS\lib\clang\15.0.7\lib\armv6m-ti-none-eabi\</path>
         <kind>archive</kind>
         <file>libclang_rt.builtins.a</file>
         <name>aeabi_memset.S.obj</name>
      </input_file>
      <input_file id="fl-eb">
         <path>D:\ti\ccstheia140\ccs\tools\compiler\ti-cgt-armllvm_3.2.2.LTS\lib\clang\15.0.7\lib\armv6m-ti-none-eabi\</path>
         <kind>archive</kind>
         <file>libclang_rt.builtins.a</file>
         <name>aeabi_uidivmod.S.obj</name>
      </input_file>
      <input_file id="fl-ec">
         <path>D:\ti\ccstheia140\ccs\tools\compiler\ti-cgt-armllvm_3.2.2.LTS\lib\clang\15.0.7\lib\armv6m-ti-none-eabi\</path>
         <kind>archive</kind>
         <file>libclang_rt.builtins.a</file>
         <name>aeabi_uldivmod.S.obj</name>
      </input_file>
      <input_file id="fl-ed">
         <path>D:\ti\ccstheia140\ccs\tools\compiler\ti-cgt-armllvm_3.2.2.LTS\lib\clang\15.0.7\lib\armv6m-ti-none-eabi\</path>
         <kind>archive</kind>
         <file>libclang_rt.builtins.a</file>
         <name>comparesf2.S.obj</name>
      </input_file>
      <input_file id="fl-ee">
         <path>D:\ti\ccstheia140\ccs\tools\compiler\ti-cgt-armllvm_3.2.2.LTS\lib\clang\15.0.7\lib\armv6m-ti-none-eabi\</path>
         <kind>archive</kind>
         <file>libclang_rt.builtins.a</file>
         <name>udivmoddi4.S.obj</name>
      </input_file>
      <input_file id="fl-ef">
         <path>D:\ti\ccstheia140\ccs\tools\compiler\ti-cgt-armllvm_3.2.2.LTS\lib\clang\15.0.7\lib\armv6m-ti-none-eabi\</path>
         <kind>archive</kind>
         <file>libclang_rt.builtins.a</file>
         <name>ashldi3.S.obj</name>
      </input_file>
      <input_file id="fl-f0">
         <path>D:\ti\ccstheia140\ccs\tools\compiler\ti-cgt-armllvm_3.2.2.LTS\lib\clang\15.0.7\lib\armv6m-ti-none-eabi\</path>
         <kind>archive</kind>
         <file>libclang_rt.builtins.a</file>
         <name>comparedf2.c.obj</name>
      </input_file>
      <input_file id="fl-f1">
         <path>D:\ti\ccstheia140\ccs\tools\compiler\ti-cgt-armllvm_3.2.2.LTS\lib\clang\15.0.7\lib\armv6m-ti-none-eabi\</path>
         <kind>archive</kind>
         <file>libclang_rt.builtins.a</file>
         <name>aeabi_div0.c.obj</name>
      </input_file>
      <input_file id="fl-f2">
         <path>D:\ti\ccstheia140\ccs\tools\compiler\ti-cgt-armllvm_3.2.2.LTS\lib\armv6m-ti-none-eabi\c\</path>
         <kind>archive</kind>
         <file>libc.a</file>
         <name>getdevice.c.obj</name>
      </input_file>
      <input_file id="fl-f3">
         <path>D:\ti\ccstheia140\ccs\tools\compiler\ti-cgt-armllvm_3.2.2.LTS\lib\armv6m-ti-none-eabi\c\</path>
         <kind>archive</kind>
         <file>libc.a</file>
         <name>memcpy16.S.obj</name>
      </input_file>
      <input_file id="fl-f4">
         <path>D:\ti\ccstheia140\ccs\tools\compiler\ti-cgt-armllvm_3.2.2.LTS\lib\armv6m-ti-none-eabi\c\</path>
         <kind>archive</kind>
         <file>libc.a</file>
         <name>memset16.S.obj</name>
      </input_file>
      <input_file id="fl-f5">
         <path>D:\ti\ccstheia140\ccs\tools\compiler\ti-cgt-armllvm_3.2.2.LTS\lib\armv6m-ti-none-eabi\c\</path>
         <kind>archive</kind>
         <file>libc.a</file>
         <name>memmov.c.obj</name>
      </input_file>
   </input_file_list>
   <object_component_list>
      <object_component id="oc-18">
         <name>.intvecs</name>
         <load_address>0x0</load_address>
         <readonly>true</readonly>
         <run_address>0x0</run_address>
         <size>0xc0</size>
         <alignment>0x4</alignment>
         <input_file_ref idref="fl-b"/>
      </object_component>
      <object_component id="oc-7c">
         <name>.text.main</name>
         <load_address>0xc0</load_address>
         <readonly>true</readonly>
         <executable>true</executable>
         <run_address>0xc0</run_address>
         <size>0x1fb4</size>
         <alignment>0x4</alignment>
         <input_file_ref idref="fl-5"/>
      </object_component>
      <object_component id="oc-99">
         <name>.text.OLED_Init</name>
         <load_address>0x2074</load_address>
         <readonly>true</readonly>
         <executable>true</executable>
         <run_address>0x2074</run_address>
         <size>0xee4</size>
         <alignment>0x4</alignment>
         <input_file_ref idref="fl-8"/>
      </object_component>
      <object_component id="oc-f6">
         <name>.text.OLED_Clear</name>
         <load_address>0x2f58</load_address>
         <readonly>true</readonly>
         <executable>true</executable>
         <run_address>0x2f58</run_address>
         <size>0xa90</size>
         <alignment>0x4</alignment>
         <input_file_ref idref="fl-8"/>
      </object_component>
      <object_component id="oc-db">
         <name>.text.pow</name>
         <load_address>0x39e8</load_address>
         <readonly>true</readonly>
         <executable>true</executable>
         <run_address>0x39e8</run_address>
         <size>0xa70</size>
         <alignment>0x4</alignment>
         <input_file_ref idref="fl-3d"/>
      </object_component>
      <object_component id="oc-24b">
         <name>.text:__TI_printfi</name>
         <load_address>0x4458</load_address>
         <readonly>true</readonly>
         <executable>true</executable>
         <run_address>0x4458</run_address>
         <size>0xa00</size>
         <alignment>0x4</alignment>
         <input_file_ref idref="fl-50"/>
      </object_component>
      <object_component id="oc-ce">
         <name>.text.phaseDetecter</name>
         <load_address>0x4e58</load_address>
         <readonly>true</readonly>
         <executable>true</executable>
         <run_address>0x4e58</run_address>
         <size>0x870</size>
         <alignment>0x4</alignment>
         <input_file_ref idref="fl-5"/>
      </object_component>
      <object_component id="oc-9f">
         <name>.text.display</name>
         <load_address>0x56c8</load_address>
         <readonly>true</readonly>
         <executable>true</executable>
         <run_address>0x56c8</run_address>
         <size>0x810</size>
         <alignment>0x4</alignment>
         <input_file_ref idref="fl-5"/>
      </object_component>
      <object_component id="oc-213">
         <name>.text.__kernel_rem_pio2</name>
         <load_address>0x5ed8</load_address>
         <readonly>true</readonly>
         <executable>true</executable>
         <run_address>0x5ed8</run_address>
         <size>0x658</size>
         <alignment>0x4</alignment>
         <input_file_ref idref="fl-44"/>
      </object_component>
      <object_component id="oc-ef">
         <name>.text.calculate_LCR</name>
         <load_address>0x6530</load_address>
         <readonly>true</readonly>
         <executable>true</executable>
         <run_address>0x6530</run_address>
         <size>0x538</size>
         <alignment>0x4</alignment>
         <input_file_ref idref="fl-5"/>
      </object_component>
      <object_component id="oc-a1">
         <name>.text.measureDiode</name>
         <load_address>0x6a68</load_address>
         <readonly>true</readonly>
         <executable>true</executable>
         <run_address>0x6a68</run_address>
         <size>0x520</size>
         <alignment>0x4</alignment>
         <input_file_ref idref="fl-5"/>
      </object_component>
      <object_component id="oc-1ad">
         <name>.text.sin</name>
         <load_address>0x6f88</load_address>
         <readonly>true</readonly>
         <executable>true</executable>
         <run_address>0x6f88</run_address>
         <size>0x458</size>
         <alignment>0x4</alignment>
         <input_file_ref idref="fl-42"/>
      </object_component>
      <object_component id="oc-1a7">
         <name>.text.cos</name>
         <load_address>0x73e0</load_address>
         <readonly>true</readonly>
         <executable>true</executable>
         <run_address>0x73e0</run_address>
         <size>0x440</size>
         <alignment>0x4</alignment>
         <input_file_ref idref="fl-40"/>
      </object_component>
      <object_component id="oc-d5">
         <name>.text.acos</name>
         <load_address>0x7820</load_address>
         <readonly>true</readonly>
         <executable>true</executable>
         <run_address>0x7820</run_address>
         <size>0x39c</size>
         <alignment>0x4</alignment>
         <input_file_ref idref="fl-3a"/>
      </object_component>
      <object_component id="oc-cf">
         <name>.text.asin</name>
         <load_address>0x7bbc</load_address>
         <readonly>true</readonly>
         <executable>true</executable>
         <run_address>0x7bbc</run_address>
         <size>0x370</size>
         <alignment>0x4</alignment>
         <input_file_ref idref="fl-3b"/>
      </object_component>
      <object_component id="oc-1f1">
         <name>.text.atan</name>
         <load_address>0x7f2c</load_address>
         <readonly>true</readonly>
         <executable>true</executable>
         <run_address>0x7f2c</run_address>
         <size>0x2f8</size>
         <alignment>0x4</alignment>
         <input_file_ref idref="fl-3f"/>
      </object_component>
      <object_component id="oc-1d7">
         <name>.text.OLED_ShowChar</name>
         <load_address>0x8224</load_address>
         <readonly>true</readonly>
         <executable>true</executable>
         <run_address>0x8224</run_address>
         <size>0x278</size>
         <alignment>0x4</alignment>
         <input_file_ref idref="fl-8"/>
      </object_component>
      <object_component id="oc-e1">
         <name>.text.adjustGain</name>
         <load_address>0x849c</load_address>
         <readonly>true</readonly>
         <executable>true</executable>
         <run_address>0x849c</run_address>
         <size>0x268</size>
         <alignment>0x4</alignment>
         <input_file_ref idref="fl-5"/>
      </object_component>
      <object_component id="oc-f7">
         <name>.text.OLED_Refresh</name>
         <load_address>0x8704</load_address>
         <readonly>true</readonly>
         <executable>true</executable>
         <run_address>0x8704</run_address>
         <size>0x260</size>
         <alignment>0x4</alignment>
         <input_file_ref idref="fl-8"/>
      </object_component>
      <object_component id="oc-13c">
         <name>.text.OLED_ShowPicture</name>
         <load_address>0x8964</load_address>
         <readonly>true</readonly>
         <executable>true</executable>
         <run_address>0x8964</run_address>
         <size>0x240</size>
         <alignment>0x4</alignment>
         <input_file_ref idref="fl-8"/>
      </object_component>
      <object_component id="oc-288">
         <name>.text._pconv_a</name>
         <load_address>0x8ba4</load_address>
         <readonly>true</readonly>
         <executable>true</executable>
         <run_address>0x8ba4</run_address>
         <size>0x220</size>
         <alignment>0x4</alignment>
         <input_file_ref idref="fl-50"/>
      </object_component>
      <object_component id="oc-28b">
         <name>.text._pconv_g</name>
         <load_address>0x8dc4</load_address>
         <readonly>true</readonly>
         <executable>true</executable>
         <run_address>0x8dc4</run_address>
         <size>0x1dc</size>
         <alignment>0x4</alignment>
         <input_file_ref idref="fl-50"/>
      </object_component>
      <object_component id="oc-179">
         <name>.text.atan2</name>
         <load_address>0x8fa0</load_address>
         <readonly>true</readonly>
         <executable>true</executable>
         <run_address>0x8fa0</run_address>
         <size>0x198</size>
         <alignment>0x4</alignment>
         <input_file_ref idref="fl-3c"/>
      </object_component>
      <object_component id="oc-a6">
         <name>.text.adddf3_subdf3</name>
         <load_address>0x9138</load_address>
         <readonly>true</readonly>
         <executable>true</executable>
         <run_address>0x9138</run_address>
         <size>0x192</size>
         <alignment>0x4</alignment>
         <input_file_ref idref="fl-d9"/>
      </object_component>
      <object_component id="oc-b7">
         <name>.text.moving_average_filter_u32</name>
         <load_address>0x92ca</load_address>
         <readonly>true</readonly>
         <executable>true</executable>
         <run_address>0x92ca</run_address>
         <size>0x188</size>
         <alignment>0x2</alignment>
         <input_file_ref idref="fl-7"/>
      </object_component>
      <object_component id="oc-33">
         <name>.text.Default_Handler</name>
         <load_address>0x9452</load_address>
         <readonly>true</readonly>
         <executable>true</executable>
         <run_address>0x9452</run_address>
         <size>0x2</size>
         <alignment>0x2</alignment>
         <input_file_ref idref="fl-b"/>
      </object_component>
      <object_component id="oc-184">
         <name>.text.sqrt</name>
         <load_address>0x9454</load_address>
         <readonly>true</readonly>
         <executable>true</executable>
         <run_address>0x9454</run_address>
         <size>0x184</size>
         <alignment>0x4</alignment>
         <input_file_ref idref="fl-3e"/>
      </object_component>
      <object_component id="oc-21c">
         <name>.text.__kernel_sin</name>
         <load_address>0x95d8</load_address>
         <readonly>true</readonly>
         <executable>true</executable>
         <run_address>0x95d8</run_address>
         <size>0x168</size>
         <alignment>0x4</alignment>
         <input_file_ref idref="fl-56"/>
      </object_component>
      <object_component id="oc-207">
         <name>.text.__kernel_cos</name>
         <load_address>0x9740</load_address>
         <readonly>true</readonly>
         <executable>true</executable>
         <run_address>0x9740</run_address>
         <size>0x150</size>
         <alignment>0x4</alignment>
         <input_file_ref idref="fl-55"/>
      </object_component>
      <object_component id="oc-131">
         <name>.text.IIC_SendByte</name>
         <load_address>0x9890</load_address>
         <readonly>true</readonly>
         <executable>true</executable>
         <run_address>0x9890</run_address>
         <size>0x148</size>
         <alignment>0x4</alignment>
         <input_file_ref idref="fl-3"/>
      </object_component>
      <object_component id="oc-25d">
         <name>.text.floor</name>
         <load_address>0x99d8</load_address>
         <readonly>true</readonly>
         <executable>true</executable>
         <run_address>0x99d8</run_address>
         <size>0x144</size>
         <alignment>0x4</alignment>
         <input_file_ref idref="fl-57"/>
      </object_component>
      <object_component id="oc-2af">
         <name>.text.fcvt</name>
         <load_address>0x9b1c</load_address>
         <readonly>true</readonly>
         <executable>true</executable>
         <run_address>0x9b1c</run_address>
         <size>0x13c</size>
         <alignment>0x4</alignment>
         <input_file_ref idref="fl-50"/>
      </object_component>
      <object_component id="oc-289">
         <name>.text._pconv_e</name>
         <load_address>0x9c58</load_address>
         <readonly>true</readonly>
         <executable>true</executable>
         <run_address>0x9c58</run_address>
         <size>0x120</size>
         <alignment>0x4</alignment>
         <input_file_ref idref="fl-50"/>
      </object_component>
      <object_component id="oc-c4">
         <name>.text.__divdf3</name>
         <load_address>0x9d78</load_address>
         <readonly>true</readonly>
         <executable>true</executable>
         <run_address>0x9d78</run_address>
         <size>0x10c</size>
         <alignment>0x4</alignment>
         <input_file_ref idref="fl-de"/>
      </object_component>
      <object_component id="oc-15c">
         <name>.text.DL_Timer_initTimerMode</name>
         <load_address>0x9e84</load_address>
         <readonly>true</readonly>
         <executable>true</executable>
         <run_address>0x9e84</run_address>
         <size>0x100</size>
         <alignment>0x4</alignment>
         <input_file_ref idref="fl-26"/>
      </object_component>
      <object_component id="oc-aa">
         <name>.text.__muldf3</name>
         <load_address>0x9f84</load_address>
         <readonly>true</readonly>
         <executable>true</executable>
         <run_address>0x9f84</run_address>
         <size>0xe4</size>
         <alignment>0x4</alignment>
         <input_file_ref idref="fl-da"/>
      </object_component>
      <object_component id="oc-19a">
         <name>.text.scalbn</name>
         <load_address>0xa068</load_address>
         <readonly>true</readonly>
         <executable>true</executable>
         <run_address>0xa068</run_address>
         <size>0xd8</size>
         <alignment>0x4</alignment>
         <input_file_ref idref="fl-41"/>
      </object_component>
      <object_component id="oc-11b">
         <name>.text.SYSCFG_DL_initPower</name>
         <load_address>0xa140</load_address>
         <readonly>true</readonly>
         <executable>true</executable>
         <run_address>0xa140</run_address>
         <size>0xac</size>
         <alignment>0x4</alignment>
         <input_file_ref idref="fl-9"/>
      </object_component>
      <object_component id="oc-13b">
         <name>.text.uartPrintf</name>
         <load_address>0xa1ec</load_address>
         <readonly>true</readonly>
         <executable>true</executable>
         <run_address>0xa1ec</run_address>
         <size>0xac</size>
         <alignment>0x4</alignment>
         <input_file_ref idref="fl-5"/>
      </object_component>
      <object_component id="oc-29c">
         <name>.text</name>
         <load_address>0xa298</load_address>
         <readonly>true</readonly>
         <executable>true</executable>
         <run_address>0xa298</run_address>
         <size>0xa2</size>
         <alignment>0x4</alignment>
         <input_file_ref idref="fl-ee"/>
      </object_component>
      <object_component id="oc-8f">
         <name>.text:memcpy</name>
         <load_address>0xa33a</load_address>
         <readonly>true</readonly>
         <executable>true</executable>
         <run_address>0xa33a</run_address>
         <size>0x9a</size>
         <alignment>0x1</alignment>
         <input_file_ref idref="fl-f3"/>
      </object_component>
      <object_component id="oc-34">
         <name>.text.GROUP1_IRQHandler</name>
         <load_address>0xa3d4</load_address>
         <readonly>true</readonly>
         <executable>true</executable>
         <run_address>0xa3d4</run_address>
         <size>0x94</size>
         <alignment>0x4</alignment>
         <input_file_ref idref="fl-5"/>
      </object_component>
      <object_component id="oc-120">
         <name>.text.SYSCFG_DL_UART_0_init</name>
         <load_address>0xa468</load_address>
         <readonly>true</readonly>
         <executable>true</executable>
         <run_address>0xa468</run_address>
         <size>0x90</size>
         <alignment>0x4</alignment>
         <input_file_ref idref="fl-9"/>
      </object_component>
      <object_component id="oc-13a">
         <name>.text.OLED_ShowString</name>
         <load_address>0xa4f8</load_address>
         <readonly>true</readonly>
         <executable>true</executable>
         <run_address>0xa4f8</run_address>
         <size>0x8c</size>
         <alignment>0x2</alignment>
         <input_file_ref idref="fl-8"/>
      </object_component>
      <object_component id="oc-11c">
         <name>.text.SYSCFG_DL_GPIO_init</name>
         <load_address>0xa584</load_address>
         <readonly>true</readonly>
         <executable>true</executable>
         <run_address>0xa584</run_address>
         <size>0x88</size>
         <alignment>0x4</alignment>
         <input_file_ref idref="fl-9"/>
      </object_component>
      <object_component id="oc-122">
         <name>.text.SYSCFG_DL_ADC12_0_init</name>
         <load_address>0xa60c</load_address>
         <readonly>true</readonly>
         <executable>true</executable>
         <run_address>0xa60c</run_address>
         <size>0x84</size>
         <alignment>0x4</alignment>
         <input_file_ref idref="fl-9"/>
      </object_component>
      <object_component id="oc-121">
         <name>.text.SYSCFG_DL_UART_1_init</name>
         <load_address>0xa690</load_address>
         <readonly>true</readonly>
         <executable>true</executable>
         <run_address>0xa690</run_address>
         <size>0x84</size>
         <alignment>0x4</alignment>
         <input_file_ref idref="fl-9"/>
      </object_component>
      <object_component id="oc-1d2">
         <name>.text.DL_DAC12_init</name>
         <load_address>0xa714</load_address>
         <readonly>true</readonly>
         <executable>true</executable>
         <run_address>0xa714</run_address>
         <size>0x78</size>
         <alignment>0x4</alignment>
         <input_file_ref idref="fl-24"/>
      </object_component>
      <object_component id="oc-123">
         <name>.text.SYSCFG_DL_ADC12_1_init</name>
         <load_address>0xa78c</load_address>
         <readonly>true</readonly>
         <executable>true</executable>
         <run_address>0xa78c</run_address>
         <size>0x78</size>
         <alignment>0x4</alignment>
         <input_file_ref idref="fl-9"/>
      </object_component>
      <object_component id="oc-39">
         <name>.text.TIMG8_IRQHandler</name>
         <load_address>0xa804</load_address>
         <readonly>true</readonly>
         <executable>true</executable>
         <run_address>0xa804</run_address>
         <size>0x78</size>
         <alignment>0x4</alignment>
         <input_file_ref idref="fl-5"/>
      </object_component>
      <object_component id="oc-1c">
         <name>.text:decompress:lzss</name>
         <load_address>0xa87c</load_address>
         <readonly>true</readonly>
         <executable>true</executable>
         <run_address>0xa87c</run_address>
         <size>0x78</size>
         <alignment>0x4</alignment>
         <input_file_ref idref="fl-4f"/>
      </object_component>
      <object_component id="oc-16f">
         <name>.text.__gedf2</name>
         <load_address>0xa8f4</load_address>
         <readonly>true</readonly>
         <executable>true</executable>
         <run_address>0xa8f4</run_address>
         <size>0x70</size>
         <alignment>0x4</alignment>
         <input_file_ref idref="fl-f0"/>
      </object_component>
      <object_component id="oc-169">
         <name>.text.__ledf2</name>
         <load_address>0xa964</load_address>
         <readonly>true</readonly>
         <executable>true</executable>
         <run_address>0xa964</run_address>
         <size>0x6c</size>
         <alignment>0x4</alignment>
         <input_file_ref idref="fl-f0"/>
      </object_component>
      <object_component id="oc-139">
         <name>.text.OLED_DisplayTurn</name>
         <load_address>0xa9d0</load_address>
         <readonly>true</readonly>
         <executable>true</executable>
         <run_address>0xa9d0</run_address>
         <size>0x6a</size>
         <alignment>0x2</alignment>
         <input_file_ref idref="fl-8"/>
      </object_component>
      <object_component id="oc-2ad">
         <name>.text._mcpy</name>
         <load_address>0xaa3a</load_address>
         <readonly>true</readonly>
         <executable>true</executable>
         <run_address>0xaa3a</run_address>
         <size>0x66</size>
         <alignment>0x2</alignment>
         <input_file_ref idref="fl-50"/>
      </object_component>
      <object_component id="oc-bd">
         <name>.text.__aeabi_dcmp</name>
         <load_address>0xaaa0</load_address>
         <readonly>true</readonly>
         <executable>true</executable>
         <run_address>0xaaa0</run_address>
         <size>0x62</size>
         <alignment>0x4</alignment>
         <input_file_ref idref="fl-e5"/>
      </object_component>
      <object_component id="oc-11a">
         <name>.text:memset</name>
         <load_address>0xab02</load_address>
         <readonly>true</readonly>
         <executable>true</executable>
         <run_address>0xab02</run_address>
         <size>0x62</size>
         <alignment>0x1</alignment>
         <input_file_ref idref="fl-f4"/>
      </object_component>
      <object_component id="oc-2a1">
         <name>.text.frexp</name>
         <load_address>0xab64</load_address>
         <readonly>true</readonly>
         <executable>true</executable>
         <run_address>0xab64</run_address>
         <size>0x5c</size>
         <alignment>0x4</alignment>
         <input_file_ref idref="fl-58"/>
      </object_component>
      <object_component id="oc-2a5">
         <name>.text.__TI_ltoa</name>
         <load_address>0xabc0</load_address>
         <readonly>true</readonly>
         <executable>true</executable>
         <run_address>0xabc0</run_address>
         <size>0x58</size>
         <alignment>0x2</alignment>
         <input_file_ref idref="fl-5b"/>
      </object_component>
      <object_component id="oc-28a">
         <name>.text._pconv_f</name>
         <load_address>0xac18</load_address>
         <readonly>true</readonly>
         <executable>true</executable>
         <run_address>0xac18</run_address>
         <size>0x58</size>
         <alignment>0x2</alignment>
         <input_file_ref idref="fl-50"/>
      </object_component>
      <object_component id="oc-259">
         <name>.text.__aeabi_idivmod</name>
         <load_address>0xac70</load_address>
         <readonly>true</readonly>
         <executable>true</executable>
         <run_address>0xac70</run_address>
         <size>0x56</size>
         <alignment>0x4</alignment>
         <input_file_ref idref="fl-e7"/>
      </object_component>
      <object_component id="oc-26c">
         <name>.text.DL_DMA_configTransfer</name>
         <load_address>0xacc6</load_address>
         <readonly>true</readonly>
         <executable>true</executable>
         <run_address>0xacc6</run_address>
         <size>0x54</size>
         <alignment>0x2</alignment>
         <input_file_ref idref="fl-25"/>
      </object_component>
      <object_component id="oc-2ab">
         <name>.text._ecpy</name>
         <load_address>0xad1a</load_address>
         <readonly>true</readonly>
         <executable>true</executable>
         <run_address>0xad1a</run_address>
         <size>0x52</size>
         <alignment>0x2</alignment>
         <input_file_ref idref="fl-50"/>
      </object_component>
      <object_component id="oc-1ca">
         <name>.text.DL_ADC12_setClockConfig</name>
         <load_address>0xad6c</load_address>
         <readonly>true</readonly>
         <executable>true</executable>
         <run_address>0xad6c</run_address>
         <size>0x4c</size>
         <alignment>0x4</alignment>
         <input_file_ref idref="fl-22"/>
      </object_component>
      <object_component id="oc-1c5">
         <name>.text.DL_UART_init</name>
         <load_address>0xadb8</load_address>
         <readonly>true</readonly>
         <executable>true</executable>
         <run_address>0xadb8</run_address>
         <size>0x4c</size>
         <alignment>0x4</alignment>
         <input_file_ref idref="fl-27"/>
      </object_component>
      <object_component id="oc-c8">
         <name>.text.__fixdfsi</name>
         <load_address>0xae04</load_address>
         <readonly>true</readonly>
         <executable>true</executable>
         <run_address>0xae04</run_address>
         <size>0x4a</size>
         <alignment>0x4</alignment>
         <input_file_ref idref="fl-e0"/>
      </object_component>
      <object_component id="oc-236">
         <name>.text.DL_DMA_initChannel</name>
         <load_address>0xae4e</load_address>
         <readonly>true</readonly>
         <executable>true</executable>
         <run_address>0xae4e</run_address>
         <size>0x46</size>
         <alignment>0x2</alignment>
         <input_file_ref idref="fl-25"/>
      </object_component>
      <object_component id="oc-11d">
         <name>.text.SYSCFG_DL_SYSCTL_init</name>
         <load_address>0xae94</load_address>
         <readonly>true</readonly>
         <executable>true</executable>
         <run_address>0xae94</run_address>
         <size>0x40</size>
         <alignment>0x4</alignment>
         <input_file_ref idref="fl-9"/>
      </object_component>
      <object_component id="oc-94">
         <name>.text.SYSCFG_DL_init</name>
         <load_address>0xaed4</load_address>
         <readonly>true</readonly>
         <executable>true</executable>
         <run_address>0xaed4</run_address>
         <size>0x40</size>
         <alignment>0x2</alignment>
         <input_file_ref idref="fl-9"/>
      </object_component>
      <object_component id="oc-eb">
         <name>.text.__aeabi_uidivmod</name>
         <load_address>0xaf14</load_address>
         <readonly>true</readonly>
         <executable>true</executable>
         <run_address>0xaf14</run_address>
         <size>0x40</size>
         <alignment>0x4</alignment>
         <input_file_ref idref="fl-eb"/>
      </object_component>
      <object_component id="oc-277">
         <name>.text.atoi</name>
         <load_address>0xaf54</load_address>
         <readonly>true</readonly>
         <executable>true</executable>
         <run_address>0xaf54</run_address>
         <size>0x40</size>
         <alignment>0x4</alignment>
         <input_file_ref idref="fl-5d"/>
      </object_component>
      <object_component id="oc-1d8">
         <name>.text.vsnprintf</name>
         <load_address>0xaf94</load_address>
         <readonly>true</readonly>
         <executable>true</executable>
         <run_address>0xaf94</run_address>
         <size>0x40</size>
         <alignment>0x4</alignment>
         <input_file_ref idref="fl-38"/>
      </object_component>
      <object_component id="oc-1e8">
         <name>.text.DL_Timer_setCaptureCompareCtl</name>
         <load_address>0xafd4</load_address>
         <readonly>true</readonly>
         <executable>true</executable>
         <run_address>0xafd4</run_address>
         <size>0x3c</size>
         <alignment>0x4</alignment>
         <input_file_ref idref="fl-26"/>
      </object_component>
      <object_component id="oc-133">
         <name>.text.IIC_WaitAck</name>
         <load_address>0xb010</load_address>
         <readonly>true</readonly>
         <executable>true</executable>
         <run_address>0xb010</run_address>
         <size>0x3c</size>
         <alignment>0x4</alignment>
         <input_file_ref idref="fl-3"/>
      </object_component>
      <object_component id="oc-102">
         <name>.text:__TI_auto_init_nobinit_nopinit</name>
         <load_address>0xb04c</load_address>
         <readonly>true</readonly>
         <executable>true</executable>
         <run_address>0xb04c</run_address>
         <size>0x3c</size>
         <alignment>0x4</alignment>
         <input_file_ref idref="fl-4a"/>
      </object_component>
      <object_component id="oc-162">
         <name>.text.__muldsi3</name>
         <load_address>0xb088</load_address>
         <readonly>true</readonly>
         <executable>true</executable>
         <run_address>0xb088</run_address>
         <size>0x3a</size>
         <alignment>0x4</alignment>
         <input_file_ref idref="fl-db"/>
      </object_component>
      <object_component id="oc-1a1">
         <name>.text.__aeabi_idiv0</name>
         <load_address>0xb0c2</load_address>
         <readonly>true</readonly>
         <executable>true</executable>
         <run_address>0xb0c2</run_address>
         <size>0x2</size>
         <alignment>0x2</alignment>
         <input_file_ref idref="fl-f1"/>
      </object_component>
      <object_component id="oc-26d">
         <name>.text.DL_DMA_setTrigger</name>
         <load_address>0xb0c4</load_address>
         <readonly>true</readonly>
         <executable>true</executable>
         <run_address>0xb0c4</run_address>
         <size>0x38</size>
         <alignment>0x4</alignment>
         <input_file_ref idref="fl-25"/>
      </object_component>
      <object_component id="oc-138">
         <name>.text.OLED_ColorTurn</name>
         <load_address>0xb0fc</load_address>
         <readonly>true</readonly>
         <executable>true</executable>
         <run_address>0xb0fc</run_address>
         <size>0x38</size>
         <alignment>0x2</alignment>
         <input_file_ref idref="fl-8"/>
      </object_component>
      <object_component id="oc-a0">
         <name>.text.SYSCFG_DL_TIMER_0_init</name>
         <load_address>0xb134</load_address>
         <readonly>true</readonly>
         <executable>true</executable>
         <run_address>0xb134</run_address>
         <size>0x38</size>
         <alignment>0x4</alignment>
         <input_file_ref idref="fl-9"/>
      </object_component>
      <object_component id="oc-11f">
         <name>.text.SYSCFG_DL_TIMER_1_init</name>
         <load_address>0xb16c</load_address>
         <readonly>true</readonly>
         <executable>true</executable>
         <run_address>0xb16c</run_address>
         <size>0x38</size>
         <alignment>0x4</alignment>
         <input_file_ref idref="fl-9"/>
      </object_component>
      <object_component id="oc-141">
         <name>.text.sprintf</name>
         <load_address>0xb1a4</load_address>
         <readonly>true</readonly>
         <executable>true</executable>
         <run_address>0xb1a4</run_address>
         <size>0x38</size>
         <alignment>0x4</alignment>
         <input_file_ref idref="fl-37"/>
      </object_component>
      <object_component id="oc-15b">
         <name>.text.DL_Timer_setClockConfig</name>
         <load_address>0xb1dc</load_address>
         <readonly>true</readonly>
         <executable>true</executable>
         <run_address>0xb1dc</run_address>
         <size>0x34</size>
         <alignment>0x4</alignment>
         <input_file_ref idref="fl-26"/>
      </object_component>
      <object_component id="oc-1cd">
         <name>.text.DL_VREF_configReference</name>
         <load_address>0xb210</load_address>
         <readonly>true</readonly>
         <executable>true</executable>
         <run_address>0xb210</run_address>
         <size>0x34</size>
         <alignment>0x4</alignment>
         <input_file_ref idref="fl-28"/>
      </object_component>
      <object_component id="oc-125">
         <name>.text.SYSCFG_DL_OPA_0_init</name>
         <load_address>0xb244</load_address>
         <readonly>true</readonly>
         <executable>true</executable>
         <run_address>0xb244</run_address>
         <size>0x34</size>
         <alignment>0x4</alignment>
         <input_file_ref idref="fl-9"/>
      </object_component>
      <object_component id="oc-126">
         <name>.text.SYSCFG_DL_OPA_1_init</name>
         <load_address>0xb278</load_address>
         <readonly>true</readonly>
         <executable>true</executable>
         <run_address>0xb278</run_address>
         <size>0x34</size>
         <alignment>0x4</alignment>
         <input_file_ref idref="fl-9"/>
      </object_component>
      <object_component id="oc-3d">
         <name>.text.UART0_IRQHandler</name>
         <load_address>0xb2ac</load_address>
         <readonly>true</readonly>
         <executable>true</executable>
         <run_address>0xb2ac</run_address>
         <size>0x34</size>
         <alignment>0x4</alignment>
         <input_file_ref idref="fl-5"/>
      </object_component>
      <object_component id="oc-23a">
         <name>.text.DL_DAC12_configDataFormat</name>
         <load_address>0xb2e0</load_address>
         <readonly>true</readonly>
         <executable>true</executable>
         <run_address>0xb2e0</run_address>
         <size>0x30</size>
         <alignment>0x4</alignment>
         <input_file_ref idref="fl-24"/>
      </object_component>
      <object_component id="oc-12c">
         <name>.text.IIC_Start</name>
         <load_address>0xb310</load_address>
         <readonly>true</readonly>
         <executable>true</executable>
         <run_address>0xb310</run_address>
         <size>0x30</size>
         <alignment>0x4</alignment>
         <input_file_ref idref="fl-3"/>
      </object_component>
      <object_component id="oc-2ac">
         <name>.text._fcpy</name>
         <load_address>0xb340</load_address>
         <readonly>true</readonly>
         <executable>true</executable>
         <run_address>0xb340</run_address>
         <size>0x30</size>
         <alignment>0x2</alignment>
         <input_file_ref idref="fl-50"/>
      </object_component>
      <object_component id="oc-240">
         <name>.text._outs</name>
         <load_address>0xb370</load_address>
         <readonly>true</readonly>
         <executable>true</executable>
         <run_address>0xb370</run_address>
         <size>0x30</size>
         <alignment>0x2</alignment>
         <input_file_ref idref="fl-38"/>
      </object_component>
      <object_component id="oc-1e7">
         <name>.text.DL_Timer_setCaptureCompareValue</name>
         <load_address>0xb3a0</load_address>
         <readonly>true</readonly>
         <executable>true</executable>
         <run_address>0xb3a0</run_address>
         <size>0x2c</size>
         <alignment>0x4</alignment>
         <input_file_ref idref="fl-26"/>
      </object_component>
      <object_component id="oc-13d">
         <name>.text.__floatsidf</name>
         <load_address>0xb3cc</load_address>
         <readonly>true</readonly>
         <executable>true</executable>
         <run_address>0xb3cc</run_address>
         <size>0x2c</size>
         <alignment>0x4</alignment>
         <input_file_ref idref="fl-e1"/>
      </object_component>
      <object_component id="oc-3a">
         <name>.text.ADC0_IRQHandler</name>
         <load_address>0xb3f8</load_address>
         <readonly>true</readonly>
         <executable>true</executable>
         <run_address>0xb3f8</run_address>
         <size>0x28</size>
         <alignment>0x4</alignment>
         <input_file_ref idref="fl-5"/>
      </object_component>
      <object_component id="oc-3b">
         <name>.text.ADC1_IRQHandler</name>
         <load_address>0xb420</load_address>
         <readonly>true</readonly>
         <executable>true</executable>
         <run_address>0xb420</run_address>
         <size>0x28</size>
         <alignment>0x4</alignment>
         <input_file_ref idref="fl-5"/>
      </object_component>
      <object_component id="oc-235">
         <name>.text.DL_Common_updateReg</name>
         <load_address>0xb448</load_address>
         <readonly>true</readonly>
         <executable>true</executable>
         <run_address>0xb448</run_address>
         <size>0x28</size>
         <alignment>0x2</alignment>
         <input_file_ref idref="fl-22"/>
      </object_component>
      <object_component id="oc-23b">
         <name>.text.DL_Common_updateReg</name>
         <load_address>0xb470</load_address>
         <readonly>true</readonly>
         <executable>true</executable>
         <run_address>0xb470</run_address>
         <size>0x28</size>
         <alignment>0x2</alignment>
         <input_file_ref idref="fl-24"/>
      </object_component>
      <object_component id="oc-290">
         <name>.text.DL_Common_updateReg</name>
         <load_address>0xb498</load_address>
         <readonly>true</readonly>
         <executable>true</executable>
         <run_address>0xb498</run_address>
         <size>0x28</size>
         <alignment>0x2</alignment>
         <input_file_ref idref="fl-25"/>
      </object_component>
      <object_component id="oc-24c">
         <name>.text.DL_Common_updateReg</name>
         <load_address>0xb4c0</load_address>
         <readonly>true</readonly>
         <executable>true</executable>
         <run_address>0xb4c0</run_address>
         <size>0x28</size>
         <alignment>0x2</alignment>
         <input_file_ref idref="fl-26"/>
      </object_component>
      <object_component id="oc-234">
         <name>.text.DL_Common_updateReg</name>
         <load_address>0xb4e8</load_address>
         <readonly>true</readonly>
         <executable>true</executable>
         <run_address>0xb4e8</run_address>
         <size>0x28</size>
         <alignment>0x2</alignment>
         <input_file_ref idref="fl-27"/>
      </object_component>
      <object_component id="oc-1ec">
         <name>.text.memmove</name>
         <load_address>0xb510</load_address>
         <readonly>true</readonly>
         <executable>true</executable>
         <run_address>0xb510</run_address>
         <size>0x28</size>
         <alignment>0x2</alignment>
         <input_file_ref idref="fl-f5"/>
      </object_component>
      <object_component id="oc-5a">
         <name>.text:_c_int00_noargs</name>
         <load_address>0xb538</load_address>
         <readonly>true</readonly>
         <executable>true</executable>
         <run_address>0xb538</run_address>
         <size>0x28</size>
         <alignment>0x4</alignment>
         <input_file_ref idref="fl-48"/>
      </object_component>
      <object_component id="oc-1c4">
         <name>.text.DL_UART_setClockConfig</name>
         <load_address>0xb560</load_address>
         <readonly>true</readonly>
         <executable>true</executable>
         <run_address>0xb560</run_address>
         <size>0x24</size>
         <alignment>0x4</alignment>
         <input_file_ref idref="fl-27"/>
      </object_component>
      <object_component id="oc-129">
         <name>.text.SYSCFG_DL_DAC12_init</name>
         <load_address>0xb584</load_address>
         <readonly>true</readonly>
         <executable>true</executable>
         <run_address>0xb584</run_address>
         <size>0x24</size>
         <alignment>0x4</alignment>
         <input_file_ref idref="fl-9"/>
      </object_component>
      <object_component id="oc-127">
         <name>.text.SYSCFG_DL_GPAMP_0_init</name>
         <load_address>0xb5a8</load_address>
         <readonly>true</readonly>
         <executable>true</executable>
         <run_address>0xb5a8</run_address>
         <size>0x24</size>
         <alignment>0x4</alignment>
         <input_file_ref idref="fl-9"/>
      </object_component>
      <object_component id="oc-a2">
         <name>.text.__floatunsidf</name>
         <load_address>0xb5cc</load_address>
         <readonly>true</readonly>
         <executable>true</executable>
         <run_address>0xb5cc</run_address>
         <size>0x24</size>
         <alignment>0x4</alignment>
         <input_file_ref idref="fl-e2"/>
      </object_component>
      <object_component id="oc-27f">
         <name>.text.__muldi3</name>
         <load_address>0xb5f0</load_address>
         <readonly>true</readonly>
         <executable>true</executable>
         <run_address>0xb5f0</run_address>
         <size>0x24</size>
         <alignment>0x4</alignment>
         <input_file_ref idref="fl-e4"/>
      </object_component>
      <object_component id="oc-270">
         <name>.text.memccpy</name>
         <load_address>0xb614</load_address>
         <readonly>true</readonly>
         <executable>true</executable>
         <run_address>0xb614</run_address>
         <size>0x22</size>
         <alignment>0x2</alignment>
         <input_file_ref idref="fl-5e"/>
      </object_component>
      <object_component id="oc-2b0">
         <name>.text.__aeabi_ldiv0</name>
         <load_address>0xb636</load_address>
         <readonly>true</readonly>
         <executable>true</executable>
         <run_address>0xb636</run_address>
         <size>0x2</size>
         <alignment>0x2</alignment>
         <input_file_ref idref="fl-f1"/>
      </object_component>
      <object_component id="oc-1e6">
         <name>.text.DL_Timer_setCounterValueAfterEnable</name>
         <load_address>0xb638</load_address>
         <readonly>true</readonly>
         <executable>true</executable>
         <run_address>0xb638</run_address>
         <size>0x20</size>
         <alignment>0x4</alignment>
         <input_file_ref idref="fl-26"/>
      </object_component>
      <object_component id="oc-2b1">
         <name>.text.__ashldi3</name>
         <load_address>0xb658</load_address>
         <readonly>true</readonly>
         <executable>true</executable>
         <run_address>0xb658</run_address>
         <size>0x1e</size>
         <alignment>0x4</alignment>
         <input_file_ref idref="fl-ef"/>
      </object_component>
      <object_component id="oc-134">
         <name>.text.IIC_Stop</name>
         <load_address>0xb678</load_address>
         <readonly>true</readonly>
         <executable>true</executable>
         <run_address>0xb678</run_address>
         <size>0x1c</size>
         <alignment>0x4</alignment>
         <input_file_ref idref="fl-3"/>
      </object_component>
      <object_component id="oc-3e">
         <name>.text.TIMG0_IRQHandler</name>
         <load_address>0xb694</load_address>
         <readonly>true</readonly>
         <executable>true</executable>
         <run_address>0xb694</run_address>
         <size>0x1c</size>
         <alignment>0x4</alignment>
         <input_file_ref idref="fl-5"/>
      </object_component>
      <object_component id="oc-1e5">
         <name>.text.DL_Timer_setLoadValue</name>
         <load_address>0xb6b0</load_address>
         <readonly>true</readonly>
         <executable>true</executable>
         <run_address>0xb6b0</run_address>
         <size>0x18</size>
         <alignment>0x4</alignment>
         <input_file_ref idref="fl-26"/>
      </object_component>
      <object_component id="oc-1d0">
         <name>.text.SYSCFG_DL_DMA_CH0_init</name>
         <load_address>0xb6c8</load_address>
         <readonly>true</readonly>
         <executable>true</executable>
         <run_address>0xb6c8</run_address>
         <size>0x18</size>
         <alignment>0x4</alignment>
         <input_file_ref idref="fl-9"/>
      </object_component>
      <object_component id="oc-1cf">
         <name>.text.SYSCFG_DL_DMA_CH1_init</name>
         <load_address>0xb6e0</load_address>
         <readonly>true</readonly>
         <executable>true</executable>
         <run_address>0xb6e0</run_address>
         <size>0x18</size>
         <alignment>0x4</alignment>
         <input_file_ref idref="fl-9"/>
      </object_component>
      <object_component id="oc-1d1">
         <name>.text.SYSCFG_DL_DMA_CH2_init</name>
         <load_address>0xb6f8</load_address>
         <readonly>true</readonly>
         <executable>true</executable>
         <run_address>0xb6f8</run_address>
         <size>0x18</size>
         <alignment>0x4</alignment>
         <input_file_ref idref="fl-9"/>
      </object_component>
      <object_component id="oc-241">
         <name>.text._outc</name>
         <load_address>0xb710</load_address>
         <readonly>true</readonly>
         <executable>true</executable>
         <run_address>0xb710</run_address>
         <size>0x18</size>
         <alignment>0x2</alignment>
         <input_file_ref idref="fl-38"/>
      </object_component>
      <object_component id="oc-1e1">
         <name>.text._outs</name>
         <load_address>0xb728</load_address>
         <readonly>true</readonly>
         <executable>true</executable>
         <run_address>0xb728</run_address>
         <size>0x18</size>
         <alignment>0x2</alignment>
         <input_file_ref idref="fl-37"/>
      </object_component>
      <object_component id="oc-233">
         <name>.text.DL_UART_disable</name>
         <load_address>0xb740</load_address>
         <readonly>true</readonly>
         <executable>true</executable>
         <run_address>0xb740</run_address>
         <size>0x16</size>
         <alignment>0x2</alignment>
         <input_file_ref idref="fl-27"/>
      </object_component>
      <object_component id="oc-264">
         <name>.text.OUTLINED_FUNCTION_0</name>
         <load_address>0xb756</load_address>
         <readonly>true</readonly>
         <executable>true</executable>
         <run_address>0xb756</run_address>
         <size>0x16</size>
         <alignment>0x2</alignment>
         <input_file_ref idref="fl-44"/>
      </object_component>
      <object_component id="oc-304">
         <name>.tramp.__aeabi_dadd.1</name>
         <load_address>0xb76c</load_address>
         <readonly>true</readonly>
         <executable>true</executable>
         <run_address>0xb76c</run_address>
         <size>0x10</size>
         <alignment>0x4</alignment>
         <input_file_ref idref="fl-d9"/>
      </object_component>
      <object_component id="oc-87">
         <name>.text.DL_Common_delayCycles</name>
         <load_address>0xb77c</load_address>
         <readonly>true</readonly>
         <executable>true</executable>
         <run_address>0xb77c</run_address>
         <size>0x14</size>
         <alignment>0x2</alignment>
         <input_file_ref idref="fl-23"/>
      </object_component>
      <object_component id="oc-124">
         <name>.text.SYSCFG_DL_VREF_init</name>
         <load_address>0xb790</load_address>
         <readonly>true</readonly>
         <executable>true</executable>
         <run_address>0xb790</run_address>
         <size>0x14</size>
         <alignment>0x4</alignment>
         <input_file_ref idref="fl-9"/>
      </object_component>
      <object_component id="oc-284">
         <name>.text.__aeabi_uldivmod</name>
         <load_address>0xb7a4</load_address>
         <readonly>true</readonly>
         <executable>true</executable>
         <run_address>0xb7a4</run_address>
         <size>0x14</size>
         <alignment>0x4</alignment>
         <input_file_ref idref="fl-ec"/>
      </object_component>
      <object_component id="oc-2aa">
         <name>.text.strchr</name>
         <load_address>0xb7b8</load_address>
         <readonly>true</readonly>
         <executable>true</executable>
         <run_address>0xb7b8</run_address>
         <size>0x14</size>
         <alignment>0x2</alignment>
         <input_file_ref idref="fl-50"/>
      </object_component>
      <object_component id="oc-20">
         <name>.text:decompress:none</name>
         <load_address>0xb7cc</load_address>
         <readonly>true</readonly>
         <executable>true</executable>
         <run_address>0xb7cc</run_address>
         <size>0x12</size>
         <alignment>0x2</alignment>
         <input_file_ref idref="fl-4e"/>
      </object_component>
      <object_component id="oc-128">
         <name>.text.SYSCFG_DL_DMA_init</name>
         <load_address>0xb7de</load_address>
         <readonly>true</readonly>
         <executable>true</executable>
         <run_address>0xb7de</run_address>
         <size>0x10</size>
         <alignment>0x2</alignment>
         <input_file_ref idref="fl-9"/>
      </object_component>
      <object_component id="oc-27b">
         <name>.text.wcslen</name>
         <load_address>0xb7ee</load_address>
         <readonly>true</readonly>
         <executable>true</executable>
         <run_address>0xb7ee</run_address>
         <size>0x10</size>
         <alignment>0x2</alignment>
         <input_file_ref idref="fl-5f"/>
      </object_component>
      <object_component id="oc-57">
         <name>.text:decompress:ZI</name>
         <load_address>0xb7fe</load_address>
         <readonly>true</readonly>
         <executable>true</executable>
         <run_address>0xb7fe</run_address>
         <size>0x10</size>
         <alignment>0x2</alignment>
         <input_file_ref idref="fl-4d"/>
      </object_component>
      <object_component id="oc-20f">
         <name>.text.OUTLINED_FUNCTION_0</name>
         <load_address>0xb80e</load_address>
         <readonly>true</readonly>
         <executable>true</executable>
         <run_address>0xb80e</run_address>
         <size>0xe</size>
         <alignment>0x2</alignment>
         <input_file_ref idref="fl-40"/>
      </object_component>
      <object_component id="oc-305">
         <name>.tramp.__aeabi_dsub.1</name>
         <load_address>0xb81c</load_address>
         <readonly>true</readonly>
         <executable>true</executable>
         <run_address>0xb81c</run_address>
         <size>0x10</size>
         <alignment>0x4</alignment>
         <input_file_ref idref="fl-d9"/>
      </object_component>
      <object_component id="oc-224">
         <name>.text.OUTLINED_FUNCTION_0</name>
         <load_address>0xb82c</load_address>
         <readonly>true</readonly>
         <executable>true</executable>
         <run_address>0xb82c</run_address>
         <size>0xe</size>
         <alignment>0x2</alignment>
         <input_file_ref idref="fl-42"/>
      </object_component>
      <object_component id="oc-261">
[...]
         <value>0x9453</value>
         <object_component_ref idref="oc-33"/>
      </symbol>
      <symbol id="sm-1d2">
         <name>TIMG12_IRQHandler</name>
         <value>0x9453</value>
         <object_component_ref idref="oc-33"/>
      </symbol>
      <symbol id="sm-1d3">
         <name>I2C0_IRQHandler</name>
         <value>0x9453</value>
         <object_component_ref idref="oc-33"/>
      </symbol>
      <symbol id="sm-1d4">
         <name>I2C1_IRQHandler</name>
         <value>0x9453</value>
         <object_component_ref idref="oc-33"/>
      </symbol>
      <symbol id="sm-1d5">
         <name>AES_IRQHandler</name>
         <value>0x9453</value>
         <object_component_ref idref="oc-33"/>
      </symbol>
      <symbol id="sm-1d6">
         <name>RTC_IRQHandler</name>
         <value>0x9453</value>
         <object_component_ref idref="oc-33"/>
      </symbol>
      <symbol id="sm-1d7">
         <name>DMA_IRQHandler</name>
         <value>0x9453</value>
         <object_component_ref idref="oc-33"/>
      </symbol>
      <symbol id="sm-1d8">
         <name>__TI_ATRegion0_src_addr</name>
         <value>0x0</value>
      </symbol>
      <symbol id="sm-1d9">
         <name>__TI_ATRegion0_trg_addr</name>
         <value>0x0</value>
      </symbol>
      <symbol id="sm-1da">
         <name>__TI_ATRegion0_region_sz</name>
         <value>0x0</value>
      </symbol>
      <symbol id="sm-1db">
         <name>__TI_ATRegion1_src_addr</name>
         <value>0x0</value>
      </symbol>
      <symbol id="sm-1dc">
         <name>__TI_ATRegion1_trg_addr</name>
         <value>0x0</value>
      </symbol>
      <symbol id="sm-1dd">
         <name>__TI_ATRegion1_region_sz</name>
         <value>0x0</value>
      </symbol>
      <symbol id="sm-1de">
         <name>__TI_ATRegion2_src_addr</name>
         <value>0x0</value>
      </symbol>
      <symbol id="sm-1df">
         <name>__TI_ATRegion2_trg_addr</name>
         <value>0x0</value>
      </symbol>
      <symbol id="sm-1e0">
         <name>__TI_ATRegion2_region_sz</name>
         <value>0x0</value>
      </symbol>
      <symbol id="sm-1ed">
         <name>DL_ADC12_setClockConfig</name>
         <value>0xad6d</value>
         <object_component_ref idref="oc-1ca"/>
      </symbol>
      <symbol id="sm-1f0">
         <name>DL_Common_delayCycles</name>
         <value>0xb77d</value>
         <object_component_ref idref="oc-87"/>
      </symbol>
      <symbol id="sm-1f9">
         <name>DL_DAC12_init</name>
         <value>0xa715</value>
         <object_component_ref idref="oc-1d2"/>
      </symbol>
      <symbol id="sm-203">
         <name>DL_DMA_initChannel</name>
         <value>0xae4f</value>
         <object_component_ref idref="oc-236"/>
      </symbol>
      <symbol id="sm-218">
         <name>DL_Timer_setClockConfig</name>
         <value>0xb1dd</value>
         <object_component_ref idref="oc-15b"/>
      </symbol>
      <symbol id="sm-219">
         <name>DL_Timer_initTimerMode</name>
         <value>0x9e85</value>
         <object_component_ref idref="oc-15c"/>
      </symbol>
      <symbol id="sm-21a">
         <name>DL_Timer_setCaptureCompareValue</name>
         <value>0xb3a1</value>
         <object_component_ref idref="oc-1e7"/>
      </symbol>
      <symbol id="sm-21b">
         <name>DL_Timer_setCaptureCompareCtl</name>
         <value>0xafd5</value>
         <object_component_ref idref="oc-1e8"/>
      </symbol>
      <symbol id="sm-225">
         <name>DL_UART_init</name>
         <value>0xadb9</value>
         <object_component_ref idref="oc-1c5"/>
      </symbol>
      <symbol id="sm-226">
         <name>DL_UART_setClockConfig</name>
         <value>0xb561</value>
         <object_component_ref idref="oc-1c4"/>
      </symbol>
      <symbol id="sm-22a">
         <name>DL_VREF_configReference</name>
         <value>0xb211</value>
         <object_component_ref idref="oc-1cd"/>
      </symbol>
      <symbol id="sm-23b">
         <name>sprintf</name>
         <value>0xb1a5</value>
         <object_component_ref idref="oc-141"/>
      </symbol>
      <symbol id="sm-24c">
         <name>vsnprintf</name>
         <value>0xaf95</value>
         <object_component_ref idref="oc-1d8"/>
      </symbol>
      <symbol id="sm-261">
         <name>acos</name>
         <value>0x7821</value>
         <object_component_ref idref="oc-d5"/>
      </symbol>
      <symbol id="sm-262">
         <name>acosl</name>
         <value>0x7821</value>
         <object_component_ref idref="oc-d5"/>
      </symbol>
      <symbol id="sm-279">
         <name>asin</name>
         <value>0x7bbd</value>
         <object_component_ref idref="oc-cf"/>
      </symbol>
      <symbol id="sm-27a">
         <name>asinl</name>
         <value>0x7bbd</value>
         <object_component_ref idref="oc-cf"/>
      </symbol>
      <symbol id="sm-288">
         <name>atan2</name>
         <value>0x8fa1</value>
         <object_component_ref idref="oc-179"/>
      </symbol>
      <symbol id="sm-289">
         <name>atan2l</name>
         <value>0x8fa1</value>
         <object_component_ref idref="oc-179"/>
      </symbol>
      <symbol id="sm-2b7">
         <name>pow</name>
         <value>0x39e9</value>
         <object_component_ref idref="oc-db"/>
      </symbol>
      <symbol id="sm-2b8">
         <name>powl</name>
         <value>0x39e9</value>
         <object_component_ref idref="oc-db"/>
      </symbol>
      <symbol id="sm-2c2">
         <name>sqrt</name>
         <value>0x9455</value>
         <object_component_ref idref="oc-184"/>
      </symbol>
      <symbol id="sm-2c3">
         <name>sqrtl</name>
         <value>0x9455</value>
         <object_component_ref idref="oc-184"/>
      </symbol>
      <symbol id="sm-2da">
         <name>atan</name>
         <value>0x7f2d</value>
         <object_component_ref idref="oc-1f1"/>
      </symbol>
      <symbol id="sm-2db">
         <name>atanl</name>
         <value>0x7f2d</value>
         <object_component_ref idref="oc-1f1"/>
      </symbol>
      <symbol id="sm-2fb">
         <name>cos</name>
         <value>0x73e1</value>
         <object_component_ref idref="oc-1a7"/>
      </symbol>
      <symbol id="sm-2fc">
         <name>cosl</name>
         <value>0x73e1</value>
         <object_component_ref idref="oc-1a7"/>
      </symbol>
      <symbol id="sm-306">
         <name>scalbn</name>
         <value>0xa069</value>
         <object_component_ref idref="oc-19a"/>
      </symbol>
      <symbol id="sm-307">
         <name>ldexp</name>
         <value>0xa069</value>
         <object_component_ref idref="oc-19a"/>
      </symbol>
      <symbol id="sm-308">
         <name>scalbnl</name>
         <value>0xa069</value>
         <object_component_ref idref="oc-19a"/>
      </symbol>
      <symbol id="sm-309">
         <name>ldexpl</name>
         <value>0xa069</value>
         <object_component_ref idref="oc-19a"/>
      </symbol>
      <symbol id="sm-326">
         <name>sin</name>
         <value>0x6f89</value>
         <object_component_ref idref="oc-1ad"/>
      </symbol>
      <symbol id="sm-327">
         <name>sinl</name>
         <value>0x6f89</value>
         <object_component_ref idref="oc-1ad"/>
      </symbol>
      <symbol id="sm-332">
         <name>__aeabi_errno_addr</name>
         <value>0xb949</value>
         <object_component_ref idref="oc-17d"/>
      </symbol>
      <symbol id="sm-333">
         <name>__aeabi_errno</name>
         <value>0x20202b1c</value>
         <object_component_ref idref="oc-1fa"/>
      </symbol>
      <symbol id="sm-34f">
         <name>__kernel_rem_pio2</name>
         <value>0x5ed9</value>
         <object_component_ref idref="oc-213"/>
      </symbol>
      <symbol id="sm-35d">
         <name>_c_int00_noargs</name>
         <value>0xb539</value>
         <object_component_ref idref="oc-5a"/>
      </symbol>
      <symbol id="sm-35e">
         <name>__stack</name>
         <value>0x20207e00</value>
         <object_component_ref idref="oc-1a"/>
      </symbol>
      <symbol id="sm-36a">
         <name>__TI_auto_init_nobinit_nopinit</name>
         <value>0xb04d</value>
         <object_component_ref idref="oc-102"/>
      </symbol>
      <symbol id="sm-372">
         <name>_system_pre_init</name>
         <value>0xb9d3</value>
         <object_component_ref idref="oc-78"/>
      </symbol>
      <symbol id="sm-37d">
         <name>__TI_zero_init</name>
         <value>0xb7ff</value>
         <object_component_ref idref="oc-57"/>
      </symbol>
      <symbol id="sm-386">
         <name>__TI_decompress_none</name>
         <value>0xb7cd</value>
         <object_component_ref idref="oc-20"/>
      </symbol>
      <symbol id="sm-391">
         <name>__TI_decompress_lzss</name>
         <value>0xa87d</value>
         <object_component_ref idref="oc-1c"/>
      </symbol>
      <symbol id="sm-3da">
         <name>__TI_printfi</name>
         <value>0x4459</value>
         <object_component_ref idref="oc-24b"/>
      </symbol>
      <symbol id="sm-3ec">
         <name>__kernel_cos</name>
         <value>0x9741</value>
         <object_component_ref idref="oc-207"/>
      </symbol>
      <symbol id="sm-3fa">
         <name>__kernel_sin</name>
         <value>0x95d9</value>
         <object_component_ref idref="oc-21c"/>
      </symbol>
      <symbol id="sm-407">
         <name>floor</name>
         <value>0x99d9</value>
         <object_component_ref idref="oc-25d"/>
      </symbol>
      <symbol id="sm-408">
         <name>floorl</name>
         <value>0x99d9</value>
         <object_component_ref idref="oc-25d"/>
      </symbol>
      <symbol id="sm-412">
         <name>frexp</name>
         <value>0xab65</value>
         <object_component_ref idref="oc-2a1"/>
      </symbol>
      <symbol id="sm-413">
         <name>frexpl</name>
         <value>0xab65</value>
         <object_component_ref idref="oc-2a1"/>
      </symbol>
      <symbol id="sm-41d">
         <name>abort</name>
         <value>0xb9d7</value>
         <object_component_ref idref="oc-fb"/>
      </symbol>
      <symbol id="sm-41e">
         <name>C$$EXIT</name>
         <value>0xb9d6</value>
         <object_component_ref idref="oc-fb"/>
      </symbol>
      <symbol id="sm-428">
         <name>__TI_ltoa</name>
         <value>0xabc1</value>
         <object_component_ref idref="oc-2a5"/>
      </symbol>
      <symbol id="sm-433">
         <name>atoi</name>
         <value>0xaf55</value>
         <object_component_ref idref="oc-277"/>
      </symbol>
      <symbol id="sm-43c">
         <name>memccpy</name>
         <value>0xb615</value>
         <object_component_ref idref="oc-270"/>
      </symbol>
      <symbol id="sm-445">
         <name>wcslen</name>
         <value>0xb7ef</value>
         <object_component_ref idref="oc-27b"/>
      </symbol>
      <symbol id="sm-448">
         <name>__aeabi_ctype_table_</name>
         <value>0xdca0</value>
         <object_component_ref idref="oc-294"/>
      </symbol>
      <symbol id="sm-449">
         <name>__aeabi_ctype_table_C</name>
         <value>0xdca0</value>
         <object_component_ref idref="oc-294"/>
      </symbol>
      <symbol id="sm-45f">
         <name>__aeabi_dadd</name>
         <value>0x9143</value>
         <object_component_ref idref="oc-a6"/>
      </symbol>
      <symbol id="sm-460">
         <name>__adddf3</name>
         <value>0x9143</value>
         <object_component_ref idref="oc-a6"/>
      </symbol>
      <symbol id="sm-461">
         <name>__aeabi_dsub</name>
         <value>0x9139</value>
         <object_component_ref idref="oc-a6"/>
      </symbol>
      <symbol id="sm-462">
         <name>__subdf3</name>
         <value>0x9139</value>
         <object_component_ref idref="oc-a6"/>
      </symbol>
      <symbol id="sm-46e">
         <name>__aeabi_dmul</name>
         <value>0x9f85</value>
         <object_component_ref idref="oc-aa"/>
      </symbol>
      <symbol id="sm-46f">
         <name>__muldf3</name>
         <value>0x9f85</value>
         <object_component_ref idref="oc-aa"/>
      </symbol>
      <symbol id="sm-478">
         <name>__muldsi3</name>
         <value>0xb089</value>
         <object_component_ref idref="oc-162"/>
      </symbol>
      <symbol id="sm-47e">
         <name>__aeabi_ddiv</name>
         <value>0x9d79</value>
         <object_component_ref idref="oc-c4"/>
      </symbol>
      <symbol id="sm-47f">
         <name>__divdf3</name>
         <value>0x9d79</value>
         <object_component_ref idref="oc-c4"/>
      </symbol>
      <symbol id="sm-485">
         <name>__aeabi_d2iz</name>
         <value>0xae05</value>
         <object_component_ref idref="oc-c8"/>
      </symbol>
      <symbol id="sm-486">
         <name>__fixdfsi</name>
         <value>0xae05</value>
         <object_component_ref idref="oc-c8"/>
      </symbol>
      <symbol id="sm-48c">
         <name>__aeabi_i2d</name>
         <value>0xb3cd</value>
         <object_component_ref idref="oc-13d"/>
      </symbol>
      <symbol id="sm-48d">
         <name>__floatsidf</name>
         <value>0xb3cd</value>
         <object_component_ref idref="oc-13d"/>
      </symbol>
      <symbol id="sm-493">
         <name>__aeabi_ui2d</name>
         <value>0xb5cd</value>
         <object_component_ref idref="oc-a2"/>
      </symbol>
      <symbol id="sm-494">
         <name>__floatunsidf</name>
         <value>0xb5cd</value>
         <object_component_ref idref="oc-a2"/>
      </symbol>
      <symbol id="sm-49a">
         <name>__aeabi_lmul</name>
         <value>0xb5f1</value>
         <object_component_ref idref="oc-27f"/>
      </symbol>
      <symbol id="sm-49b">
         <name>__muldi3</name>
         <value>0xb5f1</value>
         <object_component_ref idref="oc-27f"/>
      </symbol>
      <symbol id="sm-4a1">
         <name>__aeabi_dcmpeq</name>
         <value>0xaaa1</value>
         <object_component_ref idref="oc-bd"/>
      </symbol>
      <symbol id="sm-4a2">
         <name>__aeabi_dcmplt</name>
         <value>0xaab5</value>
         <object_component_ref idref="oc-bd"/>
      </symbol>
      <symbol id="sm-4a3">
         <name>__aeabi_dcmple</name>
         <value>0xaac9</value>
         <object_component_ref idref="oc-bd"/>
      </symbol>
      <symbol id="sm-4a4">
         <name>__aeabi_dcmpge</name>
         <value>0xaadd</value>
         <object_component_ref idref="oc-bd"/>
      </symbol>
      <symbol id="sm-4a5">
         <name>__aeabi_dcmpgt</name>
         <value>0xaaf1</value>
         <object_component_ref idref="oc-bd"/>
      </symbol>
      <symbol id="sm-4ab">
         <name>__aeabi_idiv</name>
         <value>0xac71</value>
         <object_component_ref idref="oc-259"/>
      </symbol>
      <symbol id="sm-4ac">
         <name>__aeabi_idivmod</name>
         <value>0xac71</value>
         <object_component_ref idref="oc-259"/>
      </symbol>
      <symbol id="sm-4b2">
         <name>__aeabi_memcpy</name>
         <value>0xb951</value>
         <object_component_ref idref="oc-4a"/>
      </symbol>
      <symbol id="sm-4b3">
         <name>__aeabi_memcpy4</name>
         <value>0xb951</value>
         <object_component_ref idref="oc-4a"/>
      </symbol>
      <symbol id="sm-4b4">
         <name>__aeabi_memcpy8</name>
         <value>0xb951</value>
         <object_component_ref idref="oc-4a"/>
      </symbol>
      <symbol id="sm-4ba">
         <name>__aeabi_memmove</name>
         <value>0xb959</value>
         <object_component_ref idref="oc-173"/>
      </symbol>
      <symbol id="sm-4bb">
         <name>__aeabi_memmove4</name>
         <value>0xb959</value>
         <object_component_ref idref="oc-173"/>
      </symbol>
      <symbol id="sm-4bc">
         <name>__aeabi_memmove8</name>
         <value>0xb959</value>
         <object_component_ref idref="oc-173"/>
      </symbol>
      <symbol id="sm-4c5">
         <name>__aeabi_memset</name>
         <value>0xb849</value>
         <object_component_ref idref="oc-26f"/>
      </symbol>
      <symbol id="sm-4c6">
         <name>__aeabi_memset4</name>
         <value>0xb849</value>
         <object_component_ref idref="oc-26f"/>
      </symbol>
      <symbol id="sm-4c7">
         <name>__aeabi_memset8</name>
         <value>0xb849</value>
         <object_component_ref idref="oc-26f"/>
      </symbol>
      <symbol id="sm-4c8">
         <name>__aeabi_memclr</name>
         <value>0xb881</value>
         <object_component_ref idref="oc-73"/>
      </symbol>
      <symbol id="sm-4c9">
         <name>__aeabi_memclr4</name>
         <value>0xb881</value>
         <object_component_ref idref="oc-73"/>
      </symbol>
      <symbol id="sm-4ca">
         <name>__aeabi_memclr8</name>
         <value>0xb881</value>
         <object_component_ref idref="oc-73"/>
      </symbol>
      <symbol id="sm-4d0">
         <name>__aeabi_uidiv</name>
         <value>0xaf15</value>
         <object_component_ref idref="oc-eb"/>
      </symbol>
      <symbol id="sm-4d1">
         <name>__aeabi_uidivmod</name>
         <value>0xaf15</value>
         <object_component_ref idref="oc-eb"/>
      </symbol>
      <symbol id="sm-4d7">
         <name>__aeabi_uldivmod</name>
         <value>0xb7a5</value>
         <object_component_ref idref="oc-284"/>
      </symbol>
      <symbol id="sm-4dd">
         <name>__udivmoddi4</name>
         <value>0xa299</value>
         <object_component_ref idref="oc-29c"/>
      </symbol>
      <symbol id="sm-4e3">
         <name>__aeabi_llsl</name>
         <value>0xb659</value>
         <object_component_ref idref="oc-2b1"/>
      </symbol>
      <symbol id="sm-4e4">
         <name>__ashldi3</name>
         <value>0xb659</value>
         <object_component_ref idref="oc-2b1"/>
      </symbol>
      <symbol id="sm-4f2">
         <name>__ledf2</name>
         <value>0xa965</value>
         <object_component_ref idref="oc-169"/>
      </symbol>
      <symbol id="sm-4f3">
         <name>__gedf2</name>
         <value>0xa8f5</value>
         <object_component_ref idref="oc-16f"/>
      </symbol>
      <symbol id="sm-4f4">
         <name>__cmpdf2</name>
         <value>0xa965</value>
         <object_component_ref idref="oc-169"/>
      </symbol>
      <symbol id="sm-4f5">
         <name>__eqdf2</name>
         <value>0xa965</value>
         <object_component_ref idref="oc-169"/>
      </symbol>
      <symbol id="sm-4f6">
         <name>__ltdf2</name>
         <value>0xa965</value>
         <object_component_ref idref="oc-169"/>
      </symbol>
      <symbol id="sm-4f7">
         <name>__nedf2</name>
         <value>0xa965</value>
         <object_component_ref idref="oc-169"/>
      </symbol>
      <symbol id="sm-4f8">
         <name>__gtdf2</name>
         <value>0xa8f5</value>
         <object_component_ref idref="oc-16f"/>
      </symbol>
      <symbol id="sm-504">
         <name>__aeabi_idiv0</name>
         <value>0xb0c3</value>
         <object_component_ref idref="oc-1a1"/>
      </symbol>
      <symbol id="sm-505">
         <name>__aeabi_ldiv0</name>
         <value>0xb637</value>
         <object_component_ref idref="oc-2b0"/>
      </symbol>
      <symbol id="sm-51f">
         <name>memcpy</name>
         <value>0xa33b</value>
         <object_component_ref idref="oc-8f"/>
      </symbol>
      <symbol id="sm-52e">
         <name>memset</name>
         <value>0xab03</value>
         <object_component_ref idref="oc-11a"/>
      </symbol>
      <symbol id="sm-537">
         <name>memmove</name>
         <value>0xb511</value>
         <object_component_ref idref="oc-1ec"/>
      </symbol>
      <symbol id="sm-538">
         <name>__TI_static_base__</name>
         <value>0x0</value>
      </symbol>
      <symbol id="sm-53c">
         <name>__mpu_init</name>
         <value>0x0</value>
      </symbol>
      <symbol id="sm-53d">
         <name>_system_post_cinit</name>
         <value>0x0</value>
      </symbol>
   </symbol_table>
   <title>Link successful</title>
</link_info>
